Component: ARM Compiler 5.06 update 6 (build 750) Tool: armlink [4d35ed]

==============================================================================

Section Cross References

    startup_scm402fb.o(STACK) refers (Special) to heapauxi.o(.text) for __use_two_region_memory
    startup_scm402fb.o(HEAP) refers (Special) to heapauxi.o(.text) for __use_two_region_memory
    startup_scm402fb.o(RESET) refers (Special) to heapauxi.o(.text) for __use_two_region_memory
    startup_scm402fb.o(RESET) refers to startup_scm402fb.o(STACK) for __initial_sp
    startup_scm402fb.o(RESET) refers to startup_scm402fb.o(.text) for Reset_Handler
    startup_scm402fb.o(RESET) refers to scm4xx_it.o(i.NMI_Handler) for NMI_Handler
    startup_scm402fb.o(RESET) refers to scm4xx_it.o(i.MemManage_Handler) for MemManage_Handler
    startup_scm402fb.o(RESET) refers to scm4xx_it.o(i.BusFault_Handler) for BusFault_Handler
    startup_scm402fb.o(RESET) refers to scm4xx_it.o(i.UsageFault_Handler) for UsageFault_Handler
    startup_scm402fb.o(RESET) refers to scm4xx_it.o(i.SVC_Handler) for SVC_Handler
    startup_scm402fb.o(RESET) refers to scm4xx_it.o(i.DebugMon_Handler) for DebugMon_Handler
    startup_scm402fb.o(RESET) refers to scm4xx_it.o(i.USB_HP_CAN1_TX_IRQHandler) for USB_HP_CAN1_TX_IRQHandler
    startup_scm402fb.o(RESET) refers to scm4xx_it.o(i.USB_LP_CAN1_RX0_IRQHandler) for USB_LP_CAN1_RX0_IRQHandler
    startup_scm402fb.o(RESET) refers to scm4xx_it.o(i.USBWakeUp_IRQHandler) for USBWakeUp_IRQHandler
    startup_scm402fb.o(.text) refers (Special) to heapauxi.o(.text) for __use_two_region_memory
    startup_scm402fb.o(.text) refers to system_scm4xx.o(i.SystemInit) for SystemInit
    startup_scm402fb.o(.text) refers to __main.o(!!!main) for __main
    startup_scm402fb.o(.text) refers to startup_scm402fb.o(HEAP) for Heap_Mem
    startup_scm402fb.o(.text) refers to startup_scm402fb.o(STACK) for Stack_Mem
    system_scm4xx.o(i.SetSysClock) refers to system_scm4xx.o(i.SetSysClockTo168M) for SetSysClockTo168M
    system_scm4xx.o(i.SetSysClockTo168M) refers to scm4xx_rcc.o(i.RCC_StepModeCmd) for RCC_StepModeCmd
    system_scm4xx.o(i.SystemCoreClockUpdate) refers to system_scm4xx.o(.data) for SystemCoreClock
    system_scm4xx.o(i.SystemInit) refers to system_scm4xx.o(i.SetSysClock) for SetSysClock
    system_scm4xx.o(i.SystemInit) refers to system_scm4xx.o(i.FLASH_InitBank3) for FLASH_InitBank3
    scm4xx_gpio.o(i.GPIO_AFIOReset) refers to scm4xx_rcc.o(i.RCC_APB2PeriphResetCmd) for RCC_APB2PeriphResetCmd
    scm4xx_gpio.o(i.GPIO_Reset) refers to scm4xx_rcc.o(i.RCC_APB2PeriphResetCmd) for RCC_APB2PeriphResetCmd
    scm4xx_rcc.o(i.RCC_GetClocksFreq) refers to scm4xx_rcc.o(.data) for APBAHBPscTable
    scm4xx_rcc.o(i.RCC_WaitForHSEStable) refers to scm4xx_rcc.o(i.RCC_GetFlagStatus) for RCC_GetFlagStatus
    scm4xx_rcc.o(i.RCC_WaitForHSEStable) refers to scm4xx_rcc.o(i.RCC_HSEENDelay) for RCC_HSEENDelay
    scm4xx_usart.o(i.USART_Init) refers to scm4xx_rcc.o(i.RCC_GetClocksFreq) for RCC_GetClocksFreq
    scm4xx_usart.o(i.USART_Init) refers to lludivv7m.o(.text) for __aeabi_uldivmod
    scm4xx_usart.o(i.USART_Reset) refers to scm4xx_rcc.o(i.RCC_APB2PeriphResetCmd) for RCC_APB2PeriphResetCmd
    scm4xx_usart.o(i.USART_Reset) refers to scm4xx_rcc.o(i.RCC_APB1PeriphResetCmd) for RCC_APB1PeriphResetCmd
    scm4xx_adc.o(i.ADC_Reset) refers to scm4xx_rcc.o(i.RCC_APB2PeriphResetCmd) for RCC_APB2PeriphResetCmd
    scm4xx_bkp.o(i.BKP_Reset) refers to scm4xx_rcc.o(i.RCC_BackupResetCmd) for RCC_BackupResetCmd
    scm4xx_can.o(i.CAN_GetINTStatus) refers to scm4xx_can.o(i.CheckINTStatus) for CheckINTStatus
    scm4xx_can.o(i.CAN_Reset) refers to scm4xx_rcc.o(i.RCC_APB1PeriphResetCmd) for RCC_APB1PeriphResetCmd
    scm4xx_flash.o(i.FLASH_BootOptConfig) refers to scm4xx_flash.o(i.FLASH_WaitForProcess) for FLASH_WaitForProcess
    scm4xx_flash.o(i.FLASH_EnableWriteProtect) refers to scm4xx_flash.o(i.FLASH_WaitForProcess) for FLASH_WaitForProcess
    scm4xx_flash.o(i.FLASH_EraseAllPages) refers to scm4xx_flash.o(i.FLASH_WaitForBank1Process) for FLASH_WaitForBank1Process
    scm4xx_flash.o(i.FLASH_EraseAllPages) refers to scm4xx_flash.o(i.FLASH_WaitForBank2Process) for FLASH_WaitForBank2Process
    scm4xx_flash.o(i.FLASH_EraseBank1AllPages) refers to scm4xx_flash.o(i.FLASH_WaitForBank1Process) for FLASH_WaitForBank1Process
    scm4xx_flash.o(i.FLASH_EraseBank2AllPages) refers to scm4xx_flash.o(i.FLASH_WaitForBank2Process) for FLASH_WaitForBank2Process
    scm4xx_flash.o(i.FLASH_EraseBank3AllPages) refers to scm4xx_flash.o(i.FLASH_GetSlibState) for FLASH_GetSlibState
    scm4xx_flash.o(i.FLASH_EraseBank3AllPages) refers to scm4xx_flash.o(i.FLASH_WaitForBank3Process) for FLASH_WaitForBank3Process
    scm4xx_flash.o(i.FLASH_ErasePage) refers to scm4xx_flash.o(i.FLASH_WaitForBank3Process) for FLASH_WaitForBank3Process
    scm4xx_flash.o(i.FLASH_ErasePage) refers to scm4xx_flash.o(i.FLASH_WaitForBank1Process) for FLASH_WaitForBank1Process
[...]
    rtexit.o(.ARM.Collect$$rtexit$$00000000) refers (Special) to rtexit2.o(.ARM.Collect$$rtexit$$00000002) for __rt_exit_prels_1
    rtexit.o(.ARM.exidx) refers (Special) to rtexit2.o(.ARM.Collect$$rtexit$$00000004) for __rt_exit_exit
    rtexit.o(.ARM.exidx) refers (Special) to rtexit2.o(.ARM.Collect$$rtexit$$00000003) for __rt_exit_ls
    rtexit.o(.ARM.exidx) refers (Special) to rtexit2.o(.ARM.Collect$$rtexit$$00000002) for __rt_exit_prels_1
    rtexit.o(.ARM.exidx) refers to rtexit.o(.ARM.Collect$$rtexit$$00000000) for .ARM.Collect$$rtexit$$00000000
    rt_raise.o(.text) refers to __raise.o(.text) for __raise
    rt_raise.o(.text) refers to sys_exit.o(.text) for _sys_exit
    defsig_exit.o(.text) refers to sys_exit.o(.text) for _sys_exit
    defsig_fpe_inner.o(.text) refers to defsig_general.o(.text) for __default_signal_display
    libinit2.o(.ARM.Collect$$libinit$$00000001) refers to fpinit.o(x$fpl$fpinit) for _fp_init
    libinit2.o(.ARM.Collect$$libinit$$00000010) refers to libinit2.o(.ARM.Collect$$libinit$$0000000F) for .ARM.Collect$$libinit$$0000000F
    libinit2.o(.ARM.Collect$$libinit$$00000012) refers to libinit2.o(.ARM.Collect$$libinit$$0000000F) for .ARM.Collect$$libinit$$0000000F
    libinit2.o(.ARM.Collect$$libinit$$00000014) refers to libinit2.o(.ARM.Collect$$libinit$$0000000F) for .ARM.Collect$$libinit$$0000000F
    libinit2.o(.ARM.Collect$$libinit$$00000016) refers to libinit2.o(.ARM.Collect$$libinit$$0000000F) for .ARM.Collect$$libinit$$0000000F
    libinit2.o(.ARM.Collect$$libinit$$00000018) refers to libinit2.o(.ARM.Collect$$libinit$$0000000F) for .ARM.Collect$$libinit$$0000000F
    libinit2.o(.ARM.Collect$$libinit$$00000026) refers to argv_veneer.o(.emb_text) for __ARM_argv_veneer
    libinit2.o(.ARM.Collect$$libinit$$00000027) refers to argv_veneer.o(.emb_text) for __ARM_argv_veneer
    sys_exit.o(.text) refers (Special) to use_no_semi.o(.text) for __I$use$semihosting
    sys_exit.o(.text) refers (Special) to indicate_semi.o(.text) for __semihosting_library_function
    rtexit2.o(.ARM.Collect$$rtexit$$00000003) refers to libshutdown.o(.ARM.Collect$$libshutdown$$00000000) for __rt_lib_shutdown
    rtexit2.o(.ARM.Collect$$rtexit$$00000004) refers to sys_exit.o(.text) for _sys_exit
    rtexit2.o(.ARM.exidx) refers to rtexit2.o(.ARM.Collect$$rtexit$$00000001) for .ARM.Collect$$rtexit$$00000001
    rtexit2.o(.ARM.exidx) refers to rtexit2.o(.ARM.Collect$$rtexit$$00000003) for .ARM.Collect$$rtexit$$00000003
    rtexit2.o(.ARM.exidx) refers to rtexit2.o(.ARM.Collect$$rtexit$$00000004) for .ARM.Collect$$rtexit$$00000004
    __raise.o(.text) refers to defsig.o(CL$$defsig) for __default_signal_handler
    defsig_general.o(.text) refers to sys_wrch.o(.text) for _ttywrch
    argv_veneer.o(.emb_text) refers to no_argv.o(.text) for __ARM_get_argv
    sys_wrch.o(.text) refers (Special) to use_no_semi.o(.text) for __I$use$semihosting
    sys_wrch.o(.text) refers (Special) to indicate_semi.o(.text) for __semihosting_library_function
    defsig.o(CL$$defsig) refers to defsig_fpe_inner.o(.text) for __rt_SIGFPE_inner
    defsig.o(CL$$defsig) refers to defsig_rtmem_inner.o(.text) for __rt_SIGRTMEM_inner
    _get_argv_nomalloc.o(.text) refers (Special) to hrguard.o(.text) for __heap_region$guard
    _get_argv_nomalloc.o(.text) refers to defsig_rtmem_outer.o(.text) for __rt_SIGRTMEM
    _get_argv_nomalloc.o(.text) refers to sys_command.o(.text) for _sys_command_string
    libshutdown.o(.ARM.Collect$$libshutdown$$00000000) refers (Special) to libshutdown2.o(.ARM.Collect$$libshutdown$$00000002) for __rt_lib_shutdown_cpp_1
    libshutdown.o(.ARM.Collect$$libshutdown$$00000000) refers (Special) to libshutdown2.o(.ARM.Collect$$libshutdown$$00000007) for __rt_lib_shutdown_fp_trap_1
    libshutdown.o(.ARM.Collect$$libshutdown$$00000000) refers (Special) to libshutdown2.o(.ARM.Collect$$libshutdown$$0000000F) for __rt_lib_shutdown_heap_1
    libshutdown.o(.ARM.Collect$$libshutdown$$00000000) refers (Special) to libshutdown2.o(.ARM.Collect$$libshutdown$$00000010) for __rt_lib_shutdown_return
    libshutdown.o(.ARM.Collect$$libshutdown$$00000000) refers (Special) to libshutdown2.o(.ARM.Collect$$libshutdown$$0000000A) for __rt_lib_shutdown_signal_1
    libshutdown.o(.ARM.Collect$$libshutdown$$00000000) refers (Special) to libshutdown2.o(.ARM.Collect$$libshutdown$$00000004) for __rt_lib_shutdown_stdio_1
    libshutdown.o(.ARM.Collect$$libshutdown$$00000000) refers (Special) to libshutdown2.o(.ARM.Collect$$libshutdown$$0000000C) for __rt_lib_shutdown_user_alloc_1
    sys_command.o(.text) refers (Special) to use_no_semi.o(.text) for __I$use$semihosting
    sys_command.o(.text) refers (Special) to indicate_semi.o(.text) for __semihosting_library_function
    defsig_abrt_inner.o(.text) refers to defsig_general.o(.text) for __default_signal_display
    defsig_rtred_inner.o(.text) refers to defsig_general.o(.text) for __default_signal_display
    defsig_rtmem_inner.o(.text) refers to defsig_general.o(.text) for __default_signal_display
    defsig_rtmem_outer.o(.text) refers to defsig_rtmem_inner.o(.text) for __rt_SIGRTMEM_inner
    defsig_rtmem_outer.o(.text) refers to defsig_exit.o(.text) for __sig_exit
    defsig_rtmem_formal.o(.text) refers to rt_raise.o(.text) for __rt_raise
    defsig_stak_inner.o(.text) refers to defsig_general.o(.text) for __default_signal_display
    defsig_pvfn_inner.o(.text) refers to defsig_general.o(.text) for __default_signal_display
    defsig_cppl_inner.o(.text) refers to defsig_general.o(.text) for __default_signal_display
    defsig_segv_inner.o(.text) refers to defsig_general.o(.text) for __default_signal_display
    defsig_other.o(.text) refers to defsig_general.o(.text) for __default_signal_display


==============================================================================

Removing Unused input sections from the image.

    Removing system_scm4xx.o(.rev16_text), (4 bytes).
    Removing system_scm4xx.o(.revsh_text), (4 bytes).
    Removing system_scm4xx.o(.rrx_text), (6 bytes).
    Removing system_scm4xx.o(i.SystemCoreClockUpdate), (260 bytes).
    Removing misc.o(.rev16_text), (4 bytes).
    Removing misc.o(.revsh_text), (4 bytes).
    Removing misc.o(.rrx_text), (6 bytes).
    Removing misc.o(i.NVIC_Init), (112 bytes).
    Removing misc.o(i.NVIC_PriorityGroupConfig), (20 bytes).
    Removing misc.o(i.NVIC_SetVectorTable), (20 bytes).
    Removing misc.o(i.NVIC_SystemLPConfig), (32 bytes).
    Removing scm4xx_gpio.o(.rev16_text), (4 bytes).
    Removing scm4xx_gpio.o(.revsh_text), (4 bytes).
    Removing scm4xx_gpio.o(.rrx_text), (6 bytes).
    Removing scm4xx_gpio.o(i.GPIO_AFIOReset), (20 bytes).
    Removing scm4xx_gpio.o(i.GPIO_EXTILineConfig), (64 bytes).
    Removing scm4xx_gpio.o(i.GPIO_EventOutputCmd), (12 bytes).
    Removing scm4xx_gpio.o(i.GPIO_EventOutputConfig), (32 bytes).
    Removing scm4xx_gpio.o(i.GPIO_PinsLockConfig), (18 bytes).
    Removing scm4xx_gpio.o(i.GPIO_PinsRemapConfig), (1116 bytes).
    Removing scm4xx_gpio.o(i.GPIO_ReadInputData), (8 bytes).
    Removing scm4xx_gpio.o(i.GPIO_ReadInputDataBit), (18 bytes).
    Removing scm4xx_gpio.o(i.GPIO_ReadOutputData), (8 bytes).
    Removing scm4xx_gpio.o(i.GPIO_ReadOutputDataBit), (18 bytes).
    Removing scm4xx_gpio.o(i.GPIO_Reset), (116 bytes).
    Removing scm4xx_gpio.o(i.GPIO_ResetBits), (4 bytes).
    Removing scm4xx_gpio.o(i.GPIO_SetBits), (4 bytes).
    Removing scm4xx_gpio.o(i.GPIO_Write), (4 bytes).
    Removing scm4xx_gpio.o(i.GPIO_WriteBit), (10 bytes).
    Removing scm4xx_rcc.o(.rev16_text), (4 bytes).
    Removing scm4xx_rcc.o(.revsh_text), (4 bytes).
    Removing scm4xx_rcc.o(.rrx_text), (6 bytes).
    Removing scm4xx_rcc.o(i.RCC_ADCCLKConfig), (28 bytes).
    Removing scm4xx_rcc.o(i.RCC_AHBCLKConfig), (24 bytes).
    Removing scm4xx_rcc.o(i.RCC_AHBPeriphClockCmd), (32 bytes).
    Removing scm4xx_rcc.o(i.RCC_APB1CLKConfig), (24 bytes).
    Removing scm4xx_rcc.o(i.RCC_APB1PeriphClockCmd), (32 bytes).
    Removing scm4xx_rcc.o(i.RCC_APB1PeriphResetCmd), (32 bytes).
    Removing scm4xx_rcc.o(i.RCC_APB2CLKConfig), (24 bytes).
    Removing scm4xx_rcc.o(i.RCC_APB2PeriphResetCmd), (32 bytes).
    Removing scm4xx_rcc.o(i.RCC_BackupResetCmd), (12 bytes).
    Removing scm4xx_rcc.o(i.RCC_CLKOUTConfig), (108 bytes).
    Removing scm4xx_rcc.o(i.RCC_ClearFlag), (20 bytes).
    Removing scm4xx_rcc.o(i.RCC_ClearINTPendingBit), (12 bytes).
    Removing scm4xx_rcc.o(i.RCC_GetClocksFreq), (348 bytes).
    Removing scm4xx_rcc.o(i.RCC_GetFlagStatus), (60 bytes).
    Removing scm4xx_rcc.o(i.RCC_GetINTStatus), (24 bytes).
    Removing scm4xx_rcc.o(i.RCC_GetSYSCLKSelction), (16 bytes).
    Removing scm4xx_rcc.o(i.RCC_HSEClockFailureDetectorCmd), (12 bytes).
    Removing scm4xx_rcc.o(i.RCC_HSEConfig), (76 bytes).
    Removing scm4xx_rcc.o(i.RCC_HSEDivConfig), (28 bytes).
    Removing scm4xx_rcc.o(i.RCC_HSEENDelay), (12 bytes).
    Removing scm4xx_rcc.o(i.RCC_HSI2USB48M), (56 bytes).
    Removing scm4xx_rcc.o(i.RCC_HSICmd), (12 bytes).
    Removing scm4xx_rcc.o(i.RCC_INTConfig), (32 bytes).
    Removing scm4xx_rcc.o(i.RCC_LSEConfig), (52 bytes).
    Removing scm4xx_rcc.o(i.RCC_LSICmd), (12 bytes).
    Removing scm4xx_rcc.o(i.RCC_MCO2TMR10), (36 bytes).
    Removing scm4xx_rcc.o(i.RCC_PLLCmd), (12 bytes).
    Removing scm4xx_rcc.o(i.RCC_PLLConfig), (36 bytes).
    Removing scm4xx_rcc.o(i.RCC_RTCCLKCmd), (12 bytes).
    Removing scm4xx_rcc.o(i.RCC_RTCCLKConfig), (16 bytes).
    Removing scm4xx_rcc.o(i.RCC_Reset), (96 bytes).
    Removing scm4xx_rcc.o(i.RCC_SYSCLKConfig), (24 bytes).
    Removing scm4xx_rcc.o(i.RCC_SetHSICalibValue), (44 bytes).
    Removing scm4xx_rcc.o(i.RCC_SetHSITweakValue), (24 bytes).
    Removing scm4xx_rcc.o(i.RCC_USBCLKConfig), (24 bytes).
    Removing scm4xx_rcc.o(i.RCC_USBINTRemap), (36 bytes).
    Removing scm4xx_rcc.o(i.RCC_WaitForHSEStable), (64 bytes).
    Removing scm4xx_rcc.o(.data), (16 bytes).
    Removing scm4xx_usart.o(.rev16_text), (4 bytes).
    Removing scm4xx_usart.o(.revsh_text), (4 bytes).
    Removing scm4xx_usart.o(.rrx_text), (6 bytes).
    Removing scm4xx_usart.o(i.USART_ClearFlag), (18 bytes).
    Removing scm4xx_usart.o(i.USART_ClearITPendingBit), (30 bytes).
    Removing scm4xx_usart.o(i.USART_ClockInit), (34 bytes).
    Removing scm4xx_usart.o(i.USART_ClockStructInit), (12 bytes).
    Removing scm4xx_usart.o(i.USART_Cmd), (24 bytes).
    Removing scm4xx_usart.o(i.USART_DMACmd), (18 bytes).
    Removing scm4xx_usart.o(i.USART_GetFlagStatus), (26 bytes).
    Removing scm4xx_usart.o(i.USART_GetITStatus), (84 bytes).
    Removing scm4xx_usart.o(i.USART_HalfDuplexCmd), (24 bytes).
    Removing scm4xx_usart.o(i.USART_INTConfig), (74 bytes).
    Removing scm4xx_usart.o(i.USART_Init), (276 bytes).
    Removing scm4xx_usart.o(i.USART_IrDACmd), (24 bytes).
    Removing scm4xx_usart.o(i.USART_IrDAConfig), (18 bytes).
    Removing scm4xx_usart.o(i.USART_LINBreakDetectLengthConfig), (18 bytes).
    Removing scm4xx_usart.o(i.USART_LINCmd), (24 bytes).
    Removing scm4xx_usart.o(i.USART_ReceiveData), (10 bytes).
    Removing scm4xx_usart.o(i.USART_ReceiverWakeUpCmd), (24 bytes).
    Removing scm4xx_usart.o(i.USART_Reset), (244 bytes).
    Removing scm4xx_usart.o(i.USART_SendBreak), (10 bytes).
    Removing scm4xx_usart.o(i.USART_SendData), (8 bytes).
    Removing scm4xx_usart.o(i.USART_SetAddress), (18 bytes).
    Removing scm4xx_usart.o(i.USART_SetGuardTime), (16 bytes).
    Removing scm4xx_usart.o(i.USART_SetPrescaler), (16 bytes).
    Removing scm4xx_usart.o(i.USART_SmartCardCmd), (24 bytes).
    Removing scm4xx_usart.o(i.USART_SmartCardNACKCmd), (24 bytes).
    Removing scm4xx_usart.o(i.USART_StructInit), (24 bytes).
    Removing scm4xx_usart.o(i.USART_WakeUpConfig), (18 bytes).
    Removing scm4xx_exti.o(.rev16_text), (4 bytes).
    Removing scm4xx_exti.o(.revsh_text), (4 bytes).
    Removing scm4xx_exti.o(.rrx_text), (6 bytes).
    Removing scm4xx_exti.o(i.EXTI_ClearFlag), (12 bytes).
    Removing scm4xx_exti.o(i.EXTI_GenerateSWInt), (16 bytes).
    Removing scm4xx_exti.o(i.EXTI_GetFlagStatus), (24 bytes).
    Removing scm4xx_exti.o(i.EXTI_GetIntStatus), (40 bytes).
    Removing scm4xx_exti.o(i.EXTI_Init), (148 bytes).
    Removing scm4xx_exti.o(i.EXTI_Reset), (36 bytes).
    Removing scm4xx_exti.o(i.EXTI_StructInit), (16 bytes).
    Removing scm4xx_acc.o(.rev16_text), (4 bytes).
    Removing scm4xx_acc.o(.revsh_text), (4 bytes).
    Removing scm4xx_acc.o(.rrx_text), (6 bytes).
    Removing scm4xx_acc.o(i.ACC_CAL_Choose), (28 bytes).
    Removing scm4xx_acc.o(i.ACC_ClearFlag), (40 bytes).
    Removing scm4xx_acc.o(i.ACC_EnterCALMode), (16 bytes).
    Removing scm4xx_acc.o(i.ACC_ExitCALMode), (20 bytes).
    Removing scm4xx_acc.o(i.ACC_GetFlagStatus), (24 bytes).
    Removing scm4xx_acc.o(i.ACC_GetHSICAL), (12 bytes).
    Removing scm4xx_acc.o(i.ACC_GetHSITRIM), (16 bytes).
    Removing scm4xx_acc.o(i.ACC_ITConfig), (36 bytes).
    Removing scm4xx_acc.o(i.ACC_ReadC1), (12 bytes).
    Removing scm4xx_acc.o(i.ACC_ReadC2), (12 bytes).
    Removing scm4xx_acc.o(i.ACC_ReadC3), (12 bytes).
    Removing scm4xx_acc.o(i.ACC_SetStep), (20 bytes).
    Removing scm4xx_acc.o(i.ACC_WriteC1), (12 bytes).
    Removing scm4xx_acc.o(i.ACC_WriteC2), (12 bytes).
    Removing scm4xx_acc.o(i.ACC_WriteC3), (12 bytes).
    Removing scm4xx_adc.o(.rev16_text), (4 bytes).
    Removing scm4xx_adc.o(.revsh_text), (4 bytes).
    Removing scm4xx_adc.o(.rrx_text), (6 bytes).
    Removing scm4xx_adc.o(i.ADC_AnalogWDGCtrl), (20 bytes).
    Removing scm4xx_adc.o(i.ADC_AnalogWDGSingleChannelConfig), (16 bytes).
    Removing scm4xx_adc.o(i.ADC_AnalogWDGThresholdsConfig), (6 bytes).
    Removing scm4xx_adc.o(i.ADC_AutoInjectedConvCtrl), (22 bytes).
    Removing scm4xx_adc.o(i.ADC_ClearFlag), (6 bytes).
    Removing scm4xx_adc.o(i.ADC_ClearINTPendingBit), (10 bytes).
    Removing scm4xx_adc.o(i.ADC_Ctrl), (22 bytes).
    Removing scm4xx_adc.o(i.ADC_DMACtrl), (22 bytes).
    Removing scm4xx_adc.o(i.ADC_DiscModeChannelCountConfig), (24 bytes).
    Removing scm4xx_adc.o(i.ADC_DiscModeCtrl), (22 bytes).
    Removing scm4xx_adc.o(i.ADC_ExternalTrigConvCtrl), (22 bytes).
    Removing scm4xx_adc.o(i.ADC_ExternalTrigInjectedConvConfig), (20 bytes).
    Removing scm4xx_adc.o(i.ADC_ExternalTrigInjectedConvCtrl), (22 bytes).
    Removing scm4xx_adc.o(i.ADC_GetCalibrationStatus), (20 bytes).
    Removing scm4xx_adc.o(i.ADC_GetConversionValue), (8 bytes).
    Removing scm4xx_adc.o(i.ADC_GetDualModeConversionValue), (12 bytes).
    Removing scm4xx_adc.o(i.ADC_GetFlagStatus), (18 bytes).
    Removing scm4xx_adc.o(i.ADC_GetINTStatus), (36 bytes).
    Removing scm4xx_adc.o(i.ADC_GetInjectedConversionValue), (28 bytes).
    Removing scm4xx_adc.o(i.ADC_GetResetCalibrationStatus), (20 bytes).
    Removing scm4xx_adc.o(i.ADC_GetSoftwareStartConvStatus), (20 bytes).
    Removing scm4xx_adc.o(i.ADC_GetSoftwareStartInjectedConvCtrlStatus), (20 bytes).
    Removing scm4xx_adc.o(i.ADC_INTConfig), (24 bytes).
    Removing scm4xx_adc.o(i.ADC_Init), (80 bytes).
    Removing scm4xx_adc.o(i.ADC_InjectedChannelConfig), (130 bytes).
    Removing scm4xx_adc.o(i.ADC_InjectedDiscModeCtrl), (22 bytes).
    Removing scm4xx_adc.o(i.ADC_InjectedSequencerLengthConfig), (24 bytes).
    Removing scm4xx_adc.o(i.ADC_RegularChannelConfig), (184 bytes).
    Removing scm4xx_adc.o(i.ADC_Reset), (32 bytes).
    Removing scm4xx_adc.o(i.ADC_RstCalibration), (10 bytes).
    Removing scm4xx_adc.o(i.ADC_SetInjectedOffset), (20 bytes).
    Removing scm4xx_adc.o(i.ADC_SoftwareStartConvCtrl), (22 bytes).
    Removing scm4xx_adc.o(i.ADC_SoftwareStartInjectedConvCtrl), (22 bytes).
    Removing scm4xx_adc.o(i.ADC_StartCalibration), (10 bytes).
    Removing scm4xx_adc.o(i.ADC_StructInit), (18 bytes).
    Removing scm4xx_adc.o(i.ADC_TempSensorVrefintCtrl), (36 bytes).
    Removing scm4xx_bkp.o(.rev16_text), (4 bytes).
    Removing scm4xx_bkp.o(.revsh_text), (4 bytes).
    Removing scm4xx_bkp.o(.rrx_text), (6 bytes).
    Removing scm4xx_bkp.o(i.BKP_ClearFlag), (20 bytes).
    Removing scm4xx_bkp.o(i.BKP_ClearIntPendingBit), (20 bytes).
    Removing scm4xx_bkp.o(i.BKP_GetFlagStatus), (12 bytes).
    Removing scm4xx_bkp.o(i.BKP_GetIntStatus), (12 bytes).
    Removing scm4xx_bkp.o(i.BKP_IntConfig), (12 bytes).
    Removing scm4xx_bkp.o(i.BKP_RTCOutputConfig), (28 bytes).
    Removing scm4xx_bkp.o(i.BKP_ReadBackupReg), (28 bytes).
    Removing scm4xx_bkp.o(i.BKP_Reset), (16 bytes).
    Removing scm4xx_bkp.o(i.BKP_SetRTCCalValue), (28 bytes).
    Removing scm4xx_bkp.o(i.BKP_TamperPinCmd), (12 bytes).
    Removing scm4xx_bkp.o(i.BKP_TamperPinLvConfig), (12 bytes).
    Removing scm4xx_bkp.o(i.BKP_WriteBackupReg), (28 bytes).
    Removing scm4xx_can.o(.rev16_text), (4 bytes).
    Removing scm4xx_can.o(.revsh_text), (4 bytes).
    Removing scm4xx_can.o(.rrx_text), (6 bytes).
    Removing scm4xx_can.o(i.CAN_CancelTransmit), (48 bytes).
    Removing scm4xx_can.o(i.CAN_ClearFlag), (56 bytes).
    Removing scm4xx_can.o(i.CAN_ClearINTPendingBit), (168 bytes).
    Removing scm4xx_can.o(i.CAN_DBGFreeze), (22 bytes).
    Removing scm4xx_can.o(i.CAN_FIFORelease), (22 bytes).
    Removing scm4xx_can.o(i.CAN_FilterInit), (226 bytes).
    Removing scm4xx_can.o(i.CAN_GetFlagStatus), (120 bytes).
    Removing scm4xx_can.o(i.CAN_GetINTStatus), (288 bytes).
    Removing scm4xx_can.o(i.CAN_GetLSBTransmitErrorCounter), (12 bytes).
    Removing scm4xx_can.o(i.CAN_GetLastErrorCode), (12 bytes).
    Removing scm4xx_can.o(i.CAN_GetReceiveErrorCounter), (10 bytes).
    Removing scm4xx_can.o(i.CAN_INTConfig), (18 bytes).
    Removing scm4xx_can.o(i.CAN_Init), (276 bytes).
    Removing scm4xx_can.o(i.CAN_MessagePending), (30 bytes).
    Removing scm4xx_can.o(i.CAN_OperatingModeRequest), (162 bytes).
    Removing scm4xx_can.o(i.CAN_Receive), (240 bytes).
    Removing scm4xx_can.o(i.CAN_Reset), (36 bytes).
    Removing scm4xx_can.o(i.CAN_SlaveStartBank), (52 bytes).
    Removing scm4xx_can.o(i.CAN_Sleep), (30 bytes).
    Removing scm4xx_can.o(i.CAN_StructInit), (32 bytes).
    Removing scm4xx_can.o(i.CAN_TTComModeCtrl), (118 bytes).
    Removing scm4xx_can.o(i.CAN_Transmit), (294 bytes).
    Removing scm4xx_can.o(i.CAN_TransmitStatus), (160 bytes).
    Removing scm4xx_can.o(i.CAN_WakeUp), (48 bytes).
    Removing scm4xx_can.o(i.CheckINTStatus), (18 bytes).
    Removing scm4xx_comp.o(.rev16_text), (4 bytes).
    Removing scm4xx_comp.o(.revsh_text), (4 bytes).
    Removing scm4xx_comp.o(.rrx_text), (6 bytes).
    Removing scm4xx_crc.o(.rev16_text), (4 bytes).
    Removing scm4xx_crc.o(.revsh_text), (4 bytes).
    Removing scm4xx_crc.o(.rrx_text), (6 bytes).
    Removing scm4xx_crc.o(i.CRC_CalculateBlkCRC), (36 bytes).
    Removing scm4xx_crc.o(i.CRC_CalculateCRC), (16 bytes).
    Removing scm4xx_crc.o(i.CRC_GetCRC), (12 bytes).
    Removing scm4xx_crc.o(i.CRC_GetIDTReg), (12 bytes).
    Removing scm4xx_crc.o(i.CRC_ResetDT), (12 bytes).
    Removing scm4xx_crc.o(i.CRC_SetIDTReg), (12 bytes).
    Removing scm4xx_dac.o(.rev16_text), (4 bytes).
    Removing scm4xx_dac.o(.revsh_text), (4 bytes).
    Removing scm4xx_dac.o(.rrx_text), (6 bytes).
    Removing scm4xx_dbgmcu.o(.rev16_text), (4 bytes).
    Removing scm4xx_dbgmcu.o(.revsh_text), (4 bytes).
    Removing scm4xx_dbgmcu.o(.rrx_text), (6 bytes).
    Removing scm4xx_dbgmcu.o(i.MCUDBG_GetDevID), (16 bytes).
    Removing scm4xx_dbgmcu.o(i.MCUDBG_GetRevID), (12 bytes).
    Removing scm4xx_dbgmcu.o(i.MCUDBG_PeriphDebugModeConfig), (32 bytes).
    Removing scm4xx_dma.o(.rev16_text), (4 bytes).
    Removing scm4xx_dma.o(.revsh_text), (4 bytes).
    Removing scm4xx_dma.o(.rrx_text), (6 bytes).
    Removing scm4xx_dma.o(i.DMA_ChannelEnable), (24 bytes).
    Removing scm4xx_dma.o(i.DMA_ClearFlag), (28 bytes).
    Removing scm4xx_dma.o(i.DMA_ClearITPendingBit), (28 bytes).
    Removing scm4xx_dma.o(i.DMA_DefaultInitParaConfig), (26 bytes).
    Removing scm4xx_dma.o(i.DMA_Flexible_Config), (198 bytes).
    Removing scm4xx_dma.o(i.DMA_GetCurrDataCounter), (8 bytes).
    Removing scm4xx_dma.o(i.DMA_GetFlagStatus), (44 bytes).
    Removing scm4xx_dma.o(i.DMA_GetITStatus), (44 bytes).
    Removing scm4xx_dma.o(i.DMA_INTConfig), (18 bytes).
    Removing scm4xx_dma.o(i.DMA_Init), (60 bytes).
    Removing scm4xx_dma.o(i.DMA_Reset), (332 bytes).
    Removing scm4xx_dma.o(i.DMA_SetCurrDataCounter), (4 bytes).
    Removing scm4xx_ertc.o(.rev16_text), (4 bytes).
    Removing scm4xx_ertc.o(.revsh_text), (4 bytes).
    Removing scm4xx_ertc.o(.rrx_text), (6 bytes).
    Removing scm4xx_flash.o(.rev16_text), (4 bytes).
    Removing scm4xx_flash.o(.revsh_text), (4 bytes).
    Removing scm4xx_flash.o(.rrx_text), (6 bytes).
    Removing scm4xx_flash.o(i.FLASH_Bank3EncEndAddrConfig), (152 bytes).
    Removing scm4xx_flash.o(i.FLASH_BootOptConfig), (120 bytes).
    Removing scm4xx_flash.o(i.FLASH_ClearFlag), (40 bytes).
    Removing scm4xx_flash.o(i.FLASH_EnableWriteProtect), (204 bytes).
    Removing scm4xx_flash.o(i.FLASH_EraseAllPages), (112 bytes).
    Removing scm4xx_flash.o(i.FLASH_EraseBank1AllPages), (68 bytes).
    Removing scm4xx_flash.o(i.FLASH_EraseBank2AllPages), (68 bytes).
    Removing scm4xx_flash.o(i.FLASH_EraseBank3AllPages), (96 bytes).
    Removing scm4xx_flash.o(i.FLASH_ErasePage), (252 bytes).
    Removing scm4xx_flash.o(i.FLASH_EraseUserOptionBytes), (160 bytes).
    Removing scm4xx_flash.o(i.FLASH_GetBank1Status), (52 bytes).
    Removing scm4xx_flash.o(i.FLASH_GetBank2Status), (52 bytes).
    Removing scm4xx_flash.o(i.FLASH_GetBank3Status), (52 bytes).
    Removing scm4xx_flash.o(i.FLASH_GetFlagStatus), (92 bytes).
    Removing scm4xx_flash.o(i.FLASH_GetReadProtectStatus), (24 bytes).
    Removing scm4xx_flash.o(i.FLASH_GetSlibCurCnt), (16 bytes).
    Removing scm4xx_flash.o(i.FLASH_GetSlibDataStartPage), (16 bytes).
    Removing scm4xx_flash.o(i.FLASH_GetSlibEndPage), (12 bytes).
    Removing scm4xx_flash.o(i.FLASH_GetSlibStartPage), (16 bytes).
    Removing scm4xx_flash.o(i.FLASH_GetSlibState), (24 bytes).
    Removing scm4xx_flash.o(i.FLASH_GetStatus), (52 bytes).
    Removing scm4xx_flash.o(i.FLASH_GetUserOptionByte), (12 bytes).
    Removing scm4xx_flash.o(i.FLASH_GetWriteProtectStatus), (12 bytes).
    Removing scm4xx_flash.o(i.FLASH_INTConfig), (120 bytes).
    Removing scm4xx_flash.o(i.FLASH_Lock), (28 bytes).
    Removing scm4xx_flash.o(i.FLASH_LockBank1), (20 bytes).
    Removing scm4xx_flash.o(i.FLASH_LockBank2), (20 bytes).
    Removing scm4xx_flash.o(i.FLASH_LockBank3), (24 bytes).
    Removing scm4xx_flash.o(i.FLASH_ProgramByte), (152 bytes).
    Removing scm4xx_flash.o(i.FLASH_ProgramHalfWord), (224 bytes).
    Removing scm4xx_flash.o(i.FLASH_ProgramUserOptionByteData), (88 bytes).
    Removing scm4xx_flash.o(i.FLASH_ProgramWord), (228 bytes).
    Removing scm4xx_flash.o(i.FLASH_ReadProtectConfig), (164 bytes).
    Removing scm4xx_flash.o(i.FLASH_SlibDisable), (52 bytes).
    Removing scm4xx_flash.o(i.FLASH_SlibMainEnable), (144 bytes).
    Removing scm4xx_flash.o(i.FLASH_Unlock), (32 bytes).
    Removing scm4xx_flash.o(i.FLASH_UnlockBank1), (24 bytes).
    Removing scm4xx_flash.o(i.FLASH_UnlockBank2), (24 bytes).
    Removing scm4xx_flash.o(i.FLASH_UnlockBank3), (32 bytes).
    Removing scm4xx_flash.o(i.FLASH_UserOptionByteConfig), (104 bytes).
    Removing scm4xx_flash.o(i.FLASH_WaitForBank1Process), (38 bytes).
    Removing scm4xx_flash.o(i.FLASH_WaitForBank2Process), (38 bytes).
    Removing scm4xx_flash.o(i.FLASH_WaitForBank3Process), (38 bytes).
    Removing scm4xx_flash.o(i.FLASH_WaitForProcess), (38 bytes).
    Removing scm4xx_i2c.o(.rev16_text), (4 bytes).
    Removing scm4xx_i2c.o(.revsh_text), (4 bytes).
    Removing scm4xx_i2c.o(.rrx_text), (6 bytes).
    Removing scm4xx_i2c.o(i.I2C_ARPCmd), (24 bytes).
    Removing scm4xx_i2c.o(i.I2C_AcknowledgeConfig), (24 bytes).
    Removing scm4xx_i2c.o(i.I2C_CalculatePEC), (24 bytes).
    Removing scm4xx_i2c.o(i.I2C_CheckEvent), (42 bytes).
    Removing scm4xx_i2c.o(i.I2C_ClearFlag), (12 bytes).
    Removing scm4xx_i2c.o(i.I2C_ClearITPendingBit), (12 bytes).
    Removing scm4xx_i2c.o(i.I2C_Cmd), (24 bytes).
    Removing scm4xx_i2c.o(i.I2C_DMACmd), (24 bytes).
    Removing scm4xx_i2c.o(i.I2C_DMALastTransferCmd), (24 bytes).
    Removing scm4xx_i2c.o(i.I2C_DeInit), (64 bytes).
    Removing scm4xx_i2c.o(i.I2C_DualAddressCmd), (24 bytes).
    Removing scm4xx_i2c.o(i.I2C_FastModeDutyCycleConfig), (28 bytes).
    Removing scm4xx_i2c.o(i.I2C_GeneralCallCmd), (24 bytes).
    Removing scm4xx_i2c.o(i.I2C_GenerateSTART), (24 bytes).
    Removing scm4xx_i2c.o(i.I2C_GenerateSTOP), (24 bytes).
    Removing scm4xx_i2c.o(i.I2C_GetFlagStatus), (58 bytes).
    Removing scm4xx_i2c.o(i.I2C_GetINTStatus), (38 bytes).
    Removing scm4xx_i2c.o(i.I2C_GetLastEvent), (26 bytes).
    Removing scm4xx_i2c.o(i.I2C_GetPEC), (8 bytes).
    Removing scm4xx_i2c.o(i.I2C_INTConfig), (18 bytes).
    Removing scm4xx_i2c.o(i.I2C_Init), (232 bytes).
    Removing scm4xx_i2c.o(i.I2C_NACKPositionConfig), (28 bytes).
    Removing scm4xx_i2c.o(i.I2C_OwnAddress2Config), (22 bytes).
    Removing scm4xx_i2c.o(i.I2C_PECPositionConfig), (28 bytes).
    Removing scm4xx_i2c.o(i.I2C_ReadRegister), (22 bytes).
    Removing scm4xx_i2c.o(i.I2C_ReceiveData), (8 bytes).
    Removing scm4xx_i2c.o(i.I2C_SMBusAlertConfig), (28 bytes).
    Removing scm4xx_i2c.o(i.I2C_Send7bitAddress), (18 bytes).
    Removing scm4xx_i2c.o(i.I2C_SendData), (4 bytes).
    Removing scm4xx_i2c.o(i.I2C_SoftwareResetCmd), (22 bytes).
    Removing scm4xx_i2c.o(i.I2C_StretchClockCmd), (24 bytes).
    Removing scm4xx_i2c.o(i.I2C_StructInit), (30 bytes).
    Removing scm4xx_i2c.o(i.I2C_TransmitPEC), (24 bytes).
    Removing scm4xx_iwdg.o(.rev16_text), (4 bytes).
    Removing scm4xx_iwdg.o(.revsh_text), (4 bytes).
    Removing scm4xx_iwdg.o(.rrx_text), (6 bytes).
    Removing scm4xx_iwdg.o(i.IWDG_Enable), (16 bytes).
    Removing scm4xx_iwdg.o(i.IWDG_GetFlagStatus), (24 bytes).
    Removing scm4xx_iwdg.o(i.IWDG_KeyRegWrite), (12 bytes).
    Removing scm4xx_iwdg.o(i.IWDG_ReloadCounter), (16 bytes).
    Removing scm4xx_iwdg.o(i.IWDG_SetPrescaler), (12 bytes).
    Removing scm4xx_iwdg.o(i.IWDG_SetReload), (12 bytes).
    Removing scm4xx_pwr.o(.rev16_text), (4 bytes).
    Removing scm4xx_pwr.o(.revsh_text), (4 bytes).
    Removing scm4xx_pwr.o(.rrx_text), (6 bytes).
    Removing scm4xx_pwr.o(i.PWR_BackupAccessCtrl), (12 bytes).
    Removing scm4xx_pwr.o(i.PWR_ClearFlag), (20 bytes).
    Removing scm4xx_pwr.o(i.PWR_EnterSTANDBYMode), (52 bytes).
    Removing scm4xx_pwr.o(i.PWR_EnterSTOPMode), (68 bytes).
    Removing scm4xx_pwr.o(i.PWR_EnterSleepMode), (32 bytes).
    Removing scm4xx_pwr.o(i.PWR_GetFlagStatus), (24 bytes).
    Removing scm4xx_pwr.o(i.PWR_PVDCtrl), (12 bytes).
    Removing scm4xx_pwr.o(i.PWR_PVDLevelConfig), (24 bytes).
    Removing scm4xx_pwr.o(i.PWR_Reset), (22 bytes).
    Removing scm4xx_pwr.o(i.PWR_WakeUpPinCtrl), (12 bytes).
    Removing scm4xx_pwr.o(i.PWR_WakeUpPinCtrl2), (48 bytes).
    Removing scm4xx_pwr.o(i.PWR_WakeUpPinCtrl3), (48 bytes).
    Removing scm4xx_pwr.o(i.PWR_WakeUpPinCtrl4), (48 bytes).
    Removing scm4xx_rtc.o(.rev16_text), (4 bytes).
    Removing scm4xx_rtc.o(.revsh_text), (4 bytes).
    Removing scm4xx_rtc.o(.rrx_text), (6 bytes).
    Removing scm4xx_rtc.o(i.RTC_ClearFlag), (16 bytes).
    Removing scm4xx_rtc.o(i.RTC_ClearINTPendingBit), (16 bytes).
    Removing scm4xx_rtc.o(i.RTC_EnterConfigMode), (20 bytes).
    Removing scm4xx_rtc.o(i.RTC_ExitConfigMode), (20 bytes).
    Removing scm4xx_rtc.o(i.RTC_GetCounter), (20 bytes).
    Removing scm4xx_rtc.o(i.RTC_GetDivider), (24 bytes).
    Removing scm4xx_rtc.o(i.RTC_GetFlagStatus), (24 bytes).
    Removing scm4xx_rtc.o(i.RTC_GetINTStatus), (36 bytes).
    Removing scm4xx_rtc.o(i.RTC_INTConfig), (32 bytes).
    Removing scm4xx_rtc.o(i.RTC_SetAlarmValue), (28 bytes).
    Removing scm4xx_rtc.o(i.RTC_SetCounter), (28 bytes).
    Removing scm4xx_rtc.o(i.RTC_SetDIV), (32 bytes).
    Removing scm4xx_rtc.o(i.RTC_WaitForLastTask), (20 bytes).
    Removing scm4xx_rtc.o(i.RTC_WaitForSynchro), (36 bytes).
    Removing scm4xx_sdio.o(.rev16_text), (4 bytes).
    Removing scm4xx_sdio.o(.revsh_text), (4 bytes).
    Removing scm4xx_sdio.o(.rrx_text), (6 bytes).
    Removing scm4xx_spi.o(.rev16_text), (4 bytes).
    Removing scm4xx_spi.o(.revsh_text), (4 bytes).
    Removing scm4xx_spi.o(.rrx_text), (6 bytes).
    Removing scm4xx_spi.o(i.I2S_DefaultInit), (20 bytes).
    Removing scm4xx_spi.o(i.I2S_Enable), (24 bytes).
    Removing scm4xx_spi.o(i.I2S_Init), (256 bytes).
    Removing scm4xx_spi.o(i.SPI_CRCEN), (24 bytes).
    Removing scm4xx_spi.o(i.SPI_DefaultInitParaConfig), (24 bytes).
    Removing scm4xx_spi.o(i.SPI_Enable), (24 bytes).
    Removing scm4xx_spi.o(i.SPI_FrameSizeConfig), (18 bytes).
    Removing scm4xx_spi.o(i.SPI_GetCRC), (16 bytes).
    Removing scm4xx_spi.o(i.SPI_GetCRCPolynomial), (6 bytes).
    Removing scm4xx_spi.o(i.SPI_HalfDuplexTransModeConfig), (28 bytes).
    Removing scm4xx_spi.o(i.SPI_I2S_ClearFlag), (6 bytes).
    Removing scm4xx_spi.o(i.SPI_I2S_ClearINTPendingBit), (20 bytes).
    Removing scm4xx_spi.o(i.SPI_I2S_DMAEnable), (18 bytes).
    Removing scm4xx_spi.o(i.SPI_I2S_GetFlagStatus), (18 bytes).
    Removing scm4xx_spi.o(i.SPI_I2S_GetITStatus), (52 bytes).
    Removing scm4xx_spi.o(i.SPI_I2S_INTConfig), (32 bytes).
    Removing scm4xx_spi.o(i.SPI_I2S_Reset), (60 bytes).
    Removing scm4xx_spi.o(i.SPI_I2S_RxData), (6 bytes).
    Removing scm4xx_spi.o(i.SPI_I2S_TxData), (4 bytes).
    Removing scm4xx_spi.o(i.SPI_Init), (90 bytes).
    Removing scm4xx_spi.o(i.SPI_NSSHardwareOutputEnable), (24 bytes).
    Removing scm4xx_spi.o(i.SPI_NSSInternalSoftwareConfig), (30 bytes).
    Removing scm4xx_spi.o(i.SPI_TxCRC), (10 bytes).
    Removing scm4xx_tim.o(.rev16_text), (4 bytes).
    Removing scm4xx_tim.o(.revsh_text), (4 bytes).
    Removing scm4xx_tim.o(.rrx_text), (6 bytes).
    Removing scm4xx_tim.o(i.TI1_Config), (128 bytes).
    Removing scm4xx_tim.o(i.TI2_Config), (152 bytes).
    Removing scm4xx_tim.o(i.TI3_Config), (144 bytes).
    Removing scm4xx_tim.o(i.TI4_Config), (152 bytes).
    Removing scm4xx_tim.o(i.TMR_ARPreloadConfig), (24 bytes).
    Removing scm4xx_tim.o(i.TMR_BRKDTConfig), (32 bytes).
    Removing scm4xx_tim.o(i.TMR_BRKDTStructInit), (18 bytes).
    Removing scm4xx_tim.o(i.TMR_CCPreloadControl), (24 bytes).
    Removing scm4xx_tim.o(i.TMR_CCxCmd), (30 bytes).
    Removing scm4xx_tim.o(i.TMR_CCxNCmd), (30 bytes).
    Removing scm4xx_tim.o(i.TMR_ClearFlag), (6 bytes).
    Removing scm4xx_tim.o(i.TMR_ClearITPendingBit), (6 bytes).
    Removing scm4xx_tim.o(i.TMR_ClearOC1Ref), (18 bytes).
    Removing scm4xx_tim.o(i.TMR_ClearOC2Ref), (24 bytes).
    Removing scm4xx_tim.o(i.TMR_ClearOC3Ref), (18 bytes).
    Removing scm4xx_tim.o(i.TMR_ClearOC4Ref), (24 bytes).
    Removing scm4xx_tim.o(i.TMR_Cmd), (24 bytes).
    Removing scm4xx_tim.o(i.TMR_CounterModeConfig), (18 bytes).
    Removing scm4xx_tim.o(i.TMR_CtrlPWMOutputs), (30 bytes).
    Removing scm4xx_tim.o(i.TMR_DIVConfig), (6 bytes).
    Removing scm4xx_tim.o(i.TMR_DMACmd), (18 bytes).
    Removing scm4xx_tim.o(i.TMR_DMAConfig), (10 bytes).
    Removing scm4xx_tim.o(i.TMR_ETRClockMode1Config), (54 bytes).
    Removing scm4xx_tim.o(i.TMR_ETRClockMode2Config), (32 bytes).
    Removing scm4xx_tim.o(i.TMR_ETRConfig), (28 bytes).
    Removing scm4xx_tim.o(i.TMR_EncoderInterfaceConfig), (66 bytes).
    Removing scm4xx_tim.o(i.TMR_ForcedOC1Config), (18 bytes).
    Removing scm4xx_tim.o(i.TMR_ForcedOC2Config), (26 bytes).
    Removing scm4xx_tim.o(i.TMR_ForcedOC3Config), (18 bytes).
    Removing scm4xx_tim.o(i.TMR_ForcedOC4Config), (26 bytes).
    Removing scm4xx_tim.o(i.TMR_GenerateEvent), (4 bytes).
    Removing scm4xx_tim.o(i.TMR_GetCapture1), (6 bytes).
    Removing scm4xx_tim.o(i.TMR_GetCapture2), (6 bytes).
    Removing scm4xx_tim.o(i.TMR_GetCapture3), (6 bytes).
    Removing scm4xx_tim.o(i.TMR_GetCapture4), (6 bytes).
    Removing scm4xx_tim.o(i.TMR_GetCounter), (6 bytes).
    Removing scm4xx_tim.o(i.TMR_GetDIV), (6 bytes).
    Removing scm4xx_tim.o(i.TMR_GetFlagStatus), (18 bytes).
    Removing scm4xx_tim.o(i.TMR_GetINTStatus), (34 bytes).
    Removing scm4xx_tim.o(i.TMR_ICInit), (172 bytes).
    Removing scm4xx_tim.o(i.TMR_ICStructInit), (18 bytes).
    Removing scm4xx_tim.o(i.TMR_INTConfig), (18 bytes).
    Removing scm4xx_tim.o(i.TMR_ITRxExternalClockConfig), (24 bytes).
    Removing scm4xx_tim.o(i.TMR_InternalClockConfig), (12 bytes).
    Removing scm4xx_tim.o(i.TMR_OC1FastConfig), (18 bytes).
    Removing scm4xx_tim.o(i.TMR_OC1Init), (98 bytes).
    Removing scm4xx_tim.o(i.TMR_OC1NPolarityConfig), (18 bytes).
    Removing scm4xx_tim.o(i.TMR_OC1PolarityConfig), (18 bytes).
    Removing scm4xx_tim.o(i.TMR_OC1PreloadConfig), (18 bytes).
    Removing scm4xx_tim.o(i.TMR_OC2FastConfig), (26 bytes).
    Removing scm4xx_tim.o(i.TMR_OC2Init), (138 bytes).
    Removing scm4xx_tim.o(i.TMR_OC2NPolarityConfig), (26 bytes).
    Removing scm4xx_tim.o(i.TMR_OC2PolarityConfig), (26 bytes).
    Removing scm4xx_tim.o(i.TMR_OC2PreloadConfig), (26 bytes).
    Removing scm4xx_tim.o(i.TMR_OC3FastConfig), (18 bytes).
    Removing scm4xx_tim.o(i.TMR_OC3Init), (134 bytes).
    Removing scm4xx_tim.o(i.TMR_OC3NPolarityConfig), (26 bytes).
    Removing scm4xx_tim.o(i.TMR_OC3PolarityConfig), (26 bytes).
    Removing scm4xx_tim.o(i.TMR_OC3PreloadConfig), (18 bytes).
    Removing scm4xx_tim.o(i.TMR_OC4FastConfig), (26 bytes).
    Removing scm4xx_tim.o(i.TMR_OC4Init), (96 bytes).
    Removing scm4xx_tim.o(i.TMR_OC4PolarityConfig), (26 bytes).
    Removing scm4xx_tim.o(i.TMR_OC4PreloadConfig), (26 bytes).
    Removing scm4xx_tim.o(i.TMR_OCStructInit), (20 bytes).
    Removing scm4xx_tim.o(i.TMR_PWMIConfig), (124 bytes).
    Removing scm4xx_tim.o(i.TMR_Reset), (232 bytes).
    Removing scm4xx_tim.o(i.TMR_SelectCCDMA), (24 bytes).
    Removing scm4xx_tim.o(i.TMR_SelectHALL), (24 bytes).
    Removing scm4xx_tim.o(i.TMR_SelectHallSensor), (24 bytes).
    Removing scm4xx_tim.o(i.TMR_SelectInputTrigger), (18 bytes).
    Removing scm4xx_tim.o(i.TMR_SelectMasterSlaveMode), (18 bytes).
    Removing scm4xx_tim.o(i.TMR_SelectOCxM), (82 bytes).
    Removing scm4xx_tim.o(i.TMR_SelectOnePulseMode), (18 bytes).
    Removing scm4xx_tim.o(i.TMR_SelectOutputTrigger), (18 bytes).
    Removing scm4xx_tim.o(i.TMR_SelectPlusMode), (56 bytes).
    Removing scm4xx_tim.o(i.TMR_SelectSlaveMode), (18 bytes).
    Removing scm4xx_tim.o(i.TMR_SetAutoreload), (4 bytes).
    Removing scm4xx_tim.o(i.TMR_SetClockDivision), (18 bytes).
    Removing scm4xx_tim.o(i.TMR_SetCompare1), (4 bytes).
    Removing scm4xx_tim.o(i.TMR_SetCompare2), (4 bytes).
    Removing scm4xx_tim.o(i.TMR_SetCompare3), (4 bytes).
    Removing scm4xx_tim.o(i.TMR_SetCompare4), (4 bytes).
    Removing scm4xx_tim.o(i.TMR_SetCounter), (4 bytes).
    Removing scm4xx_tim.o(i.TMR_SetIC1DIV), (18 bytes).
    Removing scm4xx_tim.o(i.TMR_SetIC2DIV), (26 bytes).
    Removing scm4xx_tim.o(i.TMR_SetIC3DIV), (18 bytes).
    Removing scm4xx_tim.o(i.TMR_SetIC4DIV), (26 bytes).
    Removing scm4xx_tim.o(i.TMR_TIxExternalClockConfig), (62 bytes).
    Removing scm4xx_tim.o(i.TMR_TimeBaseInit), (92 bytes).
    Removing scm4xx_tim.o(i.TMR_TimeBaseStructInit), (18 bytes).
    Removing scm4xx_tim.o(i.TMR_UpdateDisableConfig), (24 bytes).
    Removing scm4xx_tim.o(i.TMR_UpdateRequestConfig), (24 bytes).
    Removing scm4xx_wwdg.o(.rev16_text), (4 bytes).
    Removing scm4xx_wwdg.o(.revsh_text), (4 bytes).
    Removing scm4xx_wwdg.o(.rrx_text), (6 bytes).
    Removing scm4xx_wwdg.o(i.WWDG_ClearFlag), (12 bytes).
    Removing scm4xx_wwdg.o(i.WWDG_Enable), (16 bytes).
    Removing scm4xx_wwdg.o(i.WWDG_EnableINT), (12 bytes).
    Removing scm4xx_wwdg.o(i.WWDG_GetFlagStatus), (12 bytes).
    Removing scm4xx_wwdg.o(i.WWDG_Reset), (22 bytes).
    Removing scm4xx_wwdg.o(i.WWDG_SetCounter), (16 bytes).
    Removing scm4xx_wwdg.o(i.WWDG_SetPrescaler), (24 bytes).
    Removing scm4xx_wwdg.o(i.WWDG_SetWindowCounter), (40 bytes).
    Removing scm4xx_xmc.o(.rev16_text), (4 bytes).
    Removing scm4xx_xmc.o(.revsh_text), (4 bytes).
    Removing scm4xx_xmc.o(.rrx_text), (6 bytes).
    Removing scm4xx_xmc.o(i.XMC_ClearFlag), (64 bytes).
    Removing scm4xx_xmc.o(i.XMC_ClearINTPendingBit), (72 bytes).
    Removing scm4xx_xmc.o(i.XMC_ExtTimingConfig), (52 bytes).
    Removing scm4xx_xmc.o(i.XMC_GetECC), (28 bytes).
    Removing scm4xx_xmc.o(i.XMC_GetFlagStatus), (56 bytes).
    Removing scm4xx_xmc.o(i.XMC_GetINTStatus), (68 bytes).
    Removing scm4xx_xmc.o(i.XMC_INTConfig), (128 bytes).
    Removing scm4xx_xmc.o(i.XMC_NANDCmd), (92 bytes).
    Removing scm4xx_xmc.o(i.XMC_NANDECCCmd), (92 bytes).
    Removing scm4xx_xmc.o(i.XMC_NANDInit), (136 bytes).
    Removing scm4xx_xmc.o(i.XMC_NANDReset), (68 bytes).
    Removing scm4xx_xmc.o(i.XMC_NANDStructInit), (54 bytes).
    Removing scm4xx_xmc.o(i.XMC_NORSRAMCmd), (52 bytes).
    Removing scm4xx_xmc.o(i.XMC_NORSRAMInit), (230 bytes).
    Removing scm4xx_xmc.o(i.XMC_NORSRAMReset), (54 bytes).
    Removing scm4xx_xmc.o(i.XMC_NORSRAMStructInit), (114 bytes).
    Removing scm4xx_xmc.o(i.XMC_PCCARDCmd), (48 bytes).
    Removing scm4xx_xmc.o(i.XMC_PCCARDInit), (132 bytes).
    Removing scm4xx_xmc.o(i.XMC_PCCARDReset), (40 bytes).
    Removing scm4xx_xmc.o(i.XMC_PCCARDStructInit), (60 bytes).
    Removing main.o(.rev16_text), (4 bytes).
    Removing main.o(.revsh_text), (4 bytes).
    Removing main.o(.rrx_text), (6 bytes).
    Removing main.o(i.Delay_us), (96 bytes).
    Removing main.o(i.TestPinOut), (36 bytes).
    Removing scm4xx_it.o(.rev16_text), (4 bytes).
    Removing scm4xx_it.o(.revsh_text), (4 bytes).
    Removing scm4xx_it.o(.rrx_text), (6 bytes).

540 unused section(s) (total 21662 bytes) removed from the image.

==============================================================================

Image Symbol Table

    Local Symbols

    Symbol Name                              Value     Ov Type        Size  Object(Section)

    ../clib/angel/boardlib.s                 0x00000000   Number         0  boardinit1.o ABSOLUTE
    ../clib/angel/boardlib.s                 0x00000000   Number         0  boardshut.o ABSOLUTE
    ../clib/angel/boardlib.s                 0x00000000   Number         0  boardinit2.o ABSOLUTE
    ../clib/angel/boardlib.s                 0x00000000   Number         0  boardinit3.o ABSOLUTE
    ../clib/angel/handlers.s                 0x00000000   Number         0  __scatter_copy.o ABSOLUTE
    ../clib/angel/handlers.s                 0x00000000   Number         0  __scatter_zi.o ABSOLUTE
    ../clib/angel/kernel.s                   0x00000000   Number         0  __rtentry4.o ABSOLUTE
    ../clib/angel/kernel.s                   0x00000000   Number         0  __rtentry2.o ABSOLUTE
    ../clib/angel/kernel.s                   0x00000000   Number         0  __rtentry.o ABSOLUTE
    ../clib/angel/kernel.s                   0x00000000   Number         0  rtexit2.o ABSOLUTE
    ../clib/angel/kernel.s                   0x00000000   Number         0  rtexit.o ABSOLUTE
    ../clib/angel/rt.s                       0x00000000   Number         0  rt_div0.o ABSOLUTE
    ../clib/angel/rt.s                       0x00000000   Number         0  aeabi_ldiv0_sigfpe.o ABSOLUTE
    ../clib/angel/rt.s                       0x00000000   Number         0  rt_raise.o ABSOLUTE
    ../clib/angel/rt.s                       0x00000000   Number         0  aeabi_ldiv0.o ABSOLUTE
    ../clib/angel/scatter.s                  0x00000000   Number         0  __scatter.o ABSOLUTE
    ../clib/angel/startup.s                  0x00000000   Number         0  __main.o ABSOLUTE
    ../clib/angel/sys.s                      0x00000000   Number         0  sys_stackheap_outer.o ABSOLUTE
    ../clib/angel/sys.s                      0x00000000   Number         0  use_no_semi.o ABSOLUTE
    ../clib/angel/sys.s                      0x00000000   Number         0  indicate_semi.o ABSOLUTE
    ../clib/angel/sys.s                      0x00000000   Number         0  libspace.o ABSOLUTE
    ../clib/angel/sysapp.c                   0x00000000   Number         0  sys_command.o ABSOLUTE
    ../clib/angel/sysapp.c                   0x00000000   Number         0  sys_exit.o ABSOLUTE
    ../clib/angel/sysapp.c                   0x00000000   Number         0  sys_wrch.o ABSOLUTE
    ../clib/armsys.c                         0x00000000   Number         0  argv_veneer.o ABSOLUTE
    ../clib/armsys.c                         0x00000000   Number         0  argv_veneer.o ABSOLUTE
    ../clib/armsys.c                         0x00000000   Number         0  _get_argv_nomalloc.o ABSOLUTE
    ../clib/armsys.c                         0x00000000   Number         0  no_argv.o ABSOLUTE
    ../clib/heapalloc.c                      0x00000000   Number         0  hrguard.o ABSOLUTE
    ../clib/heapaux.c                        0x00000000   Number         0  heapauxi.o ABSOLUTE
    ../clib/libinit.s                        0x00000000   Number         0  libinit2.o ABSOLUTE
    ../clib/libinit.s                        0x00000000   Number         0  libshutdown.o ABSOLUTE
    ../clib/libinit.s                        0x00000000   Number         0  libinit.o ABSOLUTE
    ../clib/libinit.s                        0x00000000   Number         0  libshutdown2.o ABSOLUTE
    ../clib/longlong.s                       0x00000000   Number         0  lludivv7m.o ABSOLUTE
    ../clib/signal.c                         0x00000000   Number         0  defsig_fpe_outer.o ABSOLUTE
    ../clib/signal.c                         0x00000000   Number         0  defsig_other.o ABSOLUTE
    ../clib/signal.c                         0x00000000   Number         0  defsig_segv_inner.o ABSOLUTE
    ../clib/signal.c                         0x00000000   Number         0  defsig_cppl_inner.o ABSOLUTE
    ../clib/signal.c                         0x00000000   Number         0  defsig_stak_inner.o ABSOLUTE
    ../clib/signal.c                         0x00000000   Number         0  defsig_rtmem_formal.o ABSOLUTE
    ../clib/signal.c                         0x00000000   Number         0  defsig_pvfn_inner.o ABSOLUTE
    ../clib/signal.c                         0x00000000   Number         0  defsig_rtmem_inner.o ABSOLUTE
    ../clib/signal.c                         0x00000000   Number         0  defsig_rtred_inner.o ABSOLUTE
    ../clib/signal.c                         0x00000000   Number         0  defsig_exit.o ABSOLUTE
    ../clib/signal.c                         0x00000000   Number         0  defsig_fpe_formal.o ABSOLUTE
    ../clib/signal.c                         0x00000000   Number         0  __raise.o ABSOLUTE
    ../clib/signal.c                         0x00000000   Number         0  defsig_abrt_inner.o ABSOLUTE
    ../clib/signal.c                         0x00000000   Number         0  defsig_general.o ABSOLUTE
    ../clib/signal.c                         0x00000000   Number         0  defsig_rtmem_outer.o ABSOLUTE
    ../clib/signal.c                         0x00000000   Number         0  defsig_fpe_inner.o ABSOLUTE
    ../clib/signal.s                         0x00000000   Number         0  defsig.o ABSOLUTE
    ../clib/stdlib.c                         0x00000000   Number         0  exit.o ABSOLUTE
    ../fplib/fpinit.s                        0x00000000   Number         0  fpinit.o ABSOLUTE
    ..\Libraries\CMSIS\CM4\DeviceSupport\startup\mdk\startup_scm402fb.s 0x00000000   Number         0  startup_scm402fb.o ABSOLUTE
    ..\Libraries\SCM4xx_StdPeriph_Driver\src\misc.c 0x00000000   Number         0  misc.o ABSOLUTE
    ..\Libraries\SCM4xx_StdPeriph_Driver\src\scm4xx_acc.c 0x00000000   Number         0  scm4xx_acc.o ABSOLUTE
    ..\Libraries\SCM4xx_StdPeriph_Driver\src\scm4xx_adc.c 0x00000000   Number         0  scm4xx_adc.o ABSOLUTE
    ..\Libraries\SCM4xx_StdPeriph_Driver\src\scm4xx_bkp.c 0x00000000   Number         0  scm4xx_bkp.o ABSOLUTE
    ..\Libraries\SCM4xx_StdPeriph_Driver\src\scm4xx_can.c 0x00000000   Number         0  scm4xx_can.o ABSOLUTE
    ..\Libraries\SCM4xx_StdPeriph_Driver\src\scm4xx_comp.c 0x00000000   Number         0  scm4xx_comp.o ABSOLUTE
    ..\Libraries\SCM4xx_StdPeriph_Driver\src\scm4xx_crc.c 0x00000000   Number         0  scm4xx_crc.o ABSOLUTE
    ..\Libraries\SCM4xx_StdPeriph_Driver\src\scm4xx_dac.c 0x00000000   Number         0  scm4xx_dac.o ABSOLUTE
    ..\Libraries\SCM4xx_StdPeriph_Driver\src\scm4xx_dbgmcu.c 0x00000000   Number         0  scm4xx_dbgmcu.o ABSOLUTE
    ..\Libraries\SCM4xx_StdPeriph_Driver\src\scm4xx_dma.c 0x00000000   Number         0  scm4xx_dma.o ABSOLUTE
    ..\Libraries\SCM4xx_StdPeriph_Driver\src\scm4xx_ertc.c 0x00000000   Number         0  scm4xx_ertc.o ABSOLUTE
    ..\Libraries\SCM4xx_StdPeriph_Driver\src\scm4xx_exti.c 0x00000000   Number         0  scm4xx_exti.o ABSOLUTE
    ..\Libraries\SCM4xx_StdPeriph_Driver\src\scm4xx_flash.c 0x00000000   Number         0  scm4xx_flash.o ABSOLUTE
    ..\Libraries\SCM4xx_StdPeriph_Driver\src\scm4xx_gpio.c 0x00000000   Number         0  scm4xx_gpio.o ABSOLUTE
    ..\Libraries\SCM4xx_StdPeriph_Driver\src\scm4xx_i2c.c 0x00000000   Number         0  scm4xx_i2c.o ABSOLUTE
    ..\Libraries\SCM4xx_StdPeriph_Driver\src\scm4xx_iwdg.c 0x00000000   Number         0  scm4xx_iwdg.o ABSOLUTE
    ..\Libraries\SCM4xx_StdPeriph_Driver\src\scm4xx_pwr.c 0x00000000   Number         0  scm4xx_pwr.o ABSOLUTE
    ..\Libraries\SCM4xx_StdPeriph_Driver\src\scm4xx_rcc.c 0x00000000   Number         0  scm4xx_rcc.o ABSOLUTE
    ..\Libraries\SCM4xx_StdPeriph_Driver\src\scm4xx_rtc.c 0x00000000   Number         0  scm4xx_rtc.o ABSOLUTE
    ..\Libraries\SCM4xx_StdPeriph_Driver\src\scm4xx_sdio.c 0x00000000   Number         0  scm4xx_sdio.o ABSOLUTE
    ..\Libraries\SCM4xx_StdPeriph_Driver\src\scm4xx_spi.c 0x00000000   Number         0  scm4xx_spi.o ABSOLUTE
    ..\Libraries\SCM4xx_StdPeriph_Driver\src\scm4xx_tim.c 0x00000000   Number         0  scm4xx_tim.o ABSOLUTE
    ..\Libraries\SCM4xx_StdPeriph_Driver\src\scm4xx_usart.c 0x00000000   Number         0  scm4xx_usart.o ABSOLUTE
    ..\Libraries\SCM4xx_StdPeriph_Driver\src\scm4xx_wwdg.c 0x00000000   Number         0  scm4xx_wwdg.o ABSOLUTE
    ..\Libraries\SCM4xx_StdPeriph_Driver\src\scm4xx_xmc.c 0x00000000   Number         0  scm4xx_xmc.o ABSOLUTE
    ..\User\main\main.c                      0x00000000   Number         0  main.o ABSOLUTE
    ..\User\main\scm4xx_it.c                 0x00000000   Number         0  scm4xx_it.o ABSOLUTE
    ..\User\main\system_scm4xx.c             0x00000000   Number         0  system_scm4xx.o ABSOLUTE
    ..\\Libraries\\SCM4xx_StdPeriph_Driver\\src\\misc.c 0x00000000   Number         0  misc.o ABSOLUTE
    ..\\Libraries\\SCM4xx_StdPeriph_Driver\\src\\scm4xx_acc.c 0x00000000   Number         0  scm4xx_acc.o ABSOLUTE
    ..\\Libraries\\SCM4xx_StdPeriph_Driver\\src\\scm4xx_adc.c 0x00000000   Number         0  scm4xx_adc.o ABSOLUTE
    ..\\Libraries\\SCM4xx_StdPeriph_Driver\\src\\scm4xx_bkp.c 0x00000000   Number         0  scm4xx_bkp.o ABSOLUTE
    ..\\Libraries\\SCM4xx_StdPeriph_Driver\\src\\scm4xx_can.c 0x00000000   Number         0  scm4xx_can.o ABSOLUTE
    ..\\Libraries\\SCM4xx_StdPeriph_Driver\\src\\scm4xx_comp.c 0x00000000   Number         0  scm4xx_comp.o ABSOLUTE
    ..\\Libraries\\SCM4xx_StdPeriph_Driver\\src\\scm4xx_crc.c 0x00000000   Number         0  scm4xx_crc.o ABSOLUTE
    ..\\Libraries\\SCM4xx_StdPeriph_Driver\\src\\scm4xx_dac.c 0x00000000   Number         0  scm4xx_dac.o ABSOLUTE
    ..\\Libraries\\SCM4xx_StdPeriph_Driver\\src\\scm4xx_dbgmcu.c 0x00000000   Number         0  scm4xx_dbgmcu.o ABSOLUTE
    ..\\Libraries\\SCM4xx_StdPeriph_Driver\\src\\scm4xx_dma.c 0x00000000   Number         0  scm4xx_dma.o ABSOLUTE
    ..\\Libraries\\SCM4xx_StdPeriph_Driver\\src\\scm4xx_ertc.c 0x00000000   Number         0  scm4xx_ertc.o ABSOLUTE
    ..\\Libraries\\SCM4xx_StdPeriph_Driver\\src\\scm4xx_exti.c 0x00000000   Number         0  scm4xx_exti.o ABSOLUTE
    ..\\Libraries\\SCM4xx_StdPeriph_Driver\\src\\scm4xx_flash.c 0x00000000   Number         0  scm4xx_flash.o ABSOLUTE
    ..\\Libraries\\SCM4xx_StdPeriph_Driver\\src\\scm4xx_gpio.c 0x00000000   Number         0  scm4xx_gpio.o ABSOLUTE
    ..\\Libraries\\SCM4xx_StdPeriph_Driver\\src\\scm4xx_i2c.c 0x00000000   Number         0  scm4xx_i2c.o ABSOLUTE
    ..\\Libraries\\SCM4xx_StdPeriph_Driver\\src\\scm4xx_iwdg.c 0x00000000   Number         0  scm4xx_iwdg.o ABSOLUTE
    ..\\Libraries\\SCM4xx_StdPeriph_Driver\\src\\scm4xx_pwr.c 0x00000000   Number         0  scm4xx_pwr.o ABSOLUTE
    ..\\Libraries\\SCM4xx_StdPeriph_Driver\\src\\scm4xx_rcc.c 0x00000000   Number         0  scm4xx_rcc.o ABSOLUTE
    ..\\Libraries\\SCM4xx_StdPeriph_Driver\\src\\scm4xx_rtc.c 0x00000000   Number         0  scm4xx_rtc.o ABSOLUTE
    ..\\Libraries\\SCM4xx_StdPeriph_Driver\\src\\scm4xx_sdio.c 0x00000000   Number         0  scm4xx_sdio.o ABSOLUTE
    ..\\Libraries\\SCM4xx_StdPeriph_Driver\\src\\scm4xx_spi.c 0x00000000   Number         0  scm4xx_spi.o ABSOLUTE
    ..\\Libraries\\SCM4xx_StdPeriph_Driver\\src\\scm4xx_tim.c 0x00000000   Number         0  scm4xx_tim.o ABSOLUTE
    ..\\Libraries\\SCM4xx_StdPeriph_Driver\\src\\scm4xx_usart.c 0x00000000   Number         0  scm4xx_usart.o ABSOLUTE
    ..\\Libraries\\SCM4xx_StdPeriph_Driver\\src\\scm4xx_wwdg.c 0x00000000   Number         0  scm4xx_wwdg.o ABSOLUTE
    ..\\Libraries\\SCM4xx_StdPeriph_Driver\\src\\scm4xx_xmc.c 0x00000000   Number         0  scm4xx_xmc.o ABSOLUTE
    ..\\User\\main\\main.c                   0x00000000   Number         0  main.o ABSOLUTE
    ..\\User\\main\\scm4xx_it.c              0x00000000   Number         0  scm4xx_it.o ABSOLUTE
    ..\\User\\main\\system_scm4xx.c          0x00000000   Number         0  system_scm4xx.o ABSOLUTE
    dc.s                                     0x00000000   Number         0  dc.o ABSOLUTE
    RESET                                    0x08000000   Section      380  startup_scm402fb.o(RESET)
    !!!main                                  0x0800017c   Section        8  __main.o(!!!main)
    !!!scatter                               0x08000184   Section       52  __scatter.o(!!!scatter)
    !!handler_copy                           0x080001b8   Section       26  __scatter_copy.o(!!handler_copy)
    !!handler_zi                             0x080001d4   Section       28  __scatter_zi.o(!!handler_zi)
    .ARM.Collect$$libinit$$00000000          0x080001f0   Section        2  libinit.o(.ARM.Collect$$libinit$$00000000)
    .ARM.Collect$$libinit$$00000001          0x080001f2   Section        4  libinit2.o(.ARM.Collect$$libinit$$00000001)
    .ARM.Collect$$libinit$$00000004          0x080001f6   Section        0  libinit2.o(.ARM.Collect$$libinit$$00000004)
    .ARM.Collect$$libinit$$0000000A          0x080001f6   Section        0  libinit2.o(.ARM.Collect$$libinit$$0000000A)
    .ARM.Collect$$libinit$$0000000C          0x080001f6   Section        0  libinit2.o(.ARM.Collect$$libinit$$0000000C)
    .ARM.Collect$$libinit$$0000000E          0x080001f6   Section        0  libinit2.o(.ARM.Collect$$libinit$$0000000E)
    .ARM.Collect$$libinit$$00000011          0x080001f6   Section        0  libinit2.o(.ARM.Collect$$libinit$$00000011)
    .ARM.Collect$$libinit$$00000013          0x080001f6   Section        0  libinit2.o(.ARM.Collect$$libinit$$00000013)
    .ARM.Collect$$libinit$$00000015          0x080001f6   Section        0  libinit2.o(.ARM.Collect$$libinit$$00000015)
    .ARM.Collect$$libinit$$00000017          0x080001f6   Section        0  libinit2.o(.ARM.Collect$$libinit$$00000017)
    .ARM.Collect$$libinit$$00000019          0x080001f6   Section        0  libinit2.o(.ARM.Collect$$libinit$$00000019)
    .ARM.Collect$$libinit$$0000001B          0x080001f6   Section        0  libinit2.o(.ARM.Collect$$libinit$$0000001B)
    .ARM.Collect$$libinit$$0000001D          0x080001f6   Section        0  libinit2.o(.ARM.Collect$$libinit$$0000001D)
    .ARM.Collect$$libinit$$0000001F          0x080001f6   Section        0  libinit2.o(.ARM.Collect$$libinit$$0000001F)
    .ARM.Collect$$libinit$$00000021          0x080001f6   Section        0  libinit2.o(.ARM.Collect$$libinit$$00000021)
    .ARM.Collect$$libinit$$00000023          0x080001f6   Section        0  libinit2.o(.ARM.Collect$$libinit$$00000023)
    .ARM.Collect$$libinit$$00000025          0x080001f6   Section        0  libinit2.o(.ARM.Collect$$libinit$$00000025)
    .ARM.Collect$$libinit$$0000002C          0x080001f6   Section        0  libinit2.o(.ARM.Collect$$libinit$$0000002C)
    .ARM.Collect$$libinit$$0000002E          0x080001f6   Section        0  libinit2.o(.ARM.Collect$$libinit$$0000002E)
    .ARM.Collect$$libinit$$00000030          0x080001f6   Section        0  libinit2.o(.ARM.Collect$$libinit$$00000030)
    .ARM.Collect$$libinit$$00000032          0x080001f6   Section        0  libinit2.o(.ARM.Collect$$libinit$$00000032)
    .ARM.Collect$$libinit$$00000033          0x080001f6   Section        2  libinit2.o(.ARM.Collect$$libinit$$00000033)
    .ARM.Collect$$libshutdown$$00000000      0x080001f8   Section        2  libshutdown.o(.ARM.Collect$$libshutdown$$00000000)
    .ARM.Collect$$libshutdown$$00000002      0x080001fa   Section        0  libshutdown2.o(.ARM.Collect$$libshutdown$$00000002)
    .ARM.Collect$$libshutdown$$00000004      0x080001fa   Section        0  libshutdown2.o(.ARM.Collect$$libshutdown$$00000004)
    .ARM.Collect$$libshutdown$$00000007      0x080001fa   Section        0  libshutdown2.o(.ARM.Collect$$libshutdown$$00000007)
    .ARM.Collect$$libshutdown$$0000000A      0x080001fa   Section        0  libshutdown2.o(.ARM.Collect$$libshutdown$$0000000A)
    .ARM.Collect$$libshutdown$$0000000C      0x080001fa   Section        0  libshutdown2.o(.ARM.Collect$$libshutdown$$0000000C)
    .ARM.Collect$$libshutdown$$0000000F      0x080001fa   Section        0  libshutdown2.o(.ARM.Collect$$libshutdown$$0000000F)
    .ARM.Collect$$libshutdown$$00000010      0x080001fa   Section        2  libshutdown2.o(.ARM.Collect$$libshutdown$$00000010)
    .ARM.Collect$$rtentry$$00000000          0x080001fc   Section        0  __rtentry.o(.ARM.Collect$$rtentry$$00000000)
    .ARM.Collect$$rtentry$$00000002          0x080001fc   Section        0  __rtentry2.o(.ARM.Collect$$rtentry$$00000002)
    .ARM.Collect$$rtentry$$00000004          0x080001fc   Section        6  __rtentry4.o(.ARM.Collect$$rtentry$$00000004)
    .ARM.Collect$$rtentry$$00000009          0x08000202   Section        0  __rtentry2.o(.ARM.Collect$$rtentry$$00000009)
    .ARM.Collect$$rtentry$$0000000A          0x08000202   Section        4  __rtentry2.o(.ARM.Collect$$rtentry$$0000000A)
    .ARM.Collect$$rtentry$$0000000C          0x08000206   Section        0  __rtentry2.o(.ARM.Collect$$rtentry$$0000000C)
    .ARM.Collect$$rtentry$$0000000D          0x08000206   Section        8  __rtentry2.o(.ARM.Collect$$rtentry$$0000000D)
    .ARM.Collect$$rtexit$$00000000           0x0800020e   Section        2  rtexit.o(.ARM.Collect$$rtexit$$00000000)
    .ARM.Collect$$rtexit$$00000002           0x08000210   Section        0  rtexit2.o(.ARM.Collect$$rtexit$$00000002)
    .ARM.Collect$$rtexit$$00000003           0x08000210   Section        4  rtexit2.o(.ARM.Collect$$rtexit$$00000003)
    .ARM.Collect$$rtexit$$00000004           0x08000214   Section        6  rtexit2.o(.ARM.Collect$$rtexit$$00000004)
    .text                                    0x0800021c   Section       64  startup_scm402fb.o(.text)
    $v0                                      0x0800021c   Number         0  startup_scm402fb.o(.text)
    .text                                    0x0800025c   Section        0  heapauxi.o(.text)
    .text                                    0x08000262   Section       74  sys_stackheap_outer.o(.text)
    .text                                    0x080002ac   Section        0  exit.o(.text)
    .text                                    0x080002c0   Section        8  libspace.o(.text)
    .text                                    0x080002c8   Section        0  sys_exit.o(.text)
    .text                                    0x080002d4   Section        2  use_no_semi.o(.text)
    .text                                    0x080002d6   Section        0  indicate_semi.o(.text)
    i.BusFault_Handler                       0x080002d6   Section        0  scm4xx_it.o(i.BusFault_Handler)
    i.DebugMon_Handler                       0x080002da   Section        0  scm4xx_it.o(i.DebugMon_Handler)
    i.Delay_init                             0x080002dc   Section        0  main.o(i.Delay_init)
    i.Delay_ms                               0x08000328   Section        0  main.o(i.Delay_ms)
    i.EXTI_ClearIntPendingBit                0x080003c0   Section        0  scm4xx_exti.o(i.EXTI_ClearIntPendingBit)
    i.FLASH_InitBank3                        0x080003cc   Section        0  system_scm4xx.o(i.FLASH_InitBank3)
    i.GPIO_Init                              0x08000444   Section        0  scm4xx_gpio.o(i.GPIO_Init)
    i.GPIO_StructInit                        0x0800055a   Section        0  scm4xx_gpio.o(i.GPIO_StructInit)
    i.MemManage_Handler                      0x0800056a   Section        0  scm4xx_it.o(i.MemManage_Handler)
    i.NMI_Handler                            0x0800056e   Section        0  scm4xx_it.o(i.NMI_Handler)
    i.RCC_APB2PeriphClockCmd                 0x08000570   Section        0  scm4xx_rcc.o(i.RCC_APB2PeriphClockCmd)
    i.RCC_StepModeCmd                        0x08000590   Section        0  scm4xx_rcc.o(i.RCC_StepModeCmd)
    i.SVC_Handler                            0x080005b4   Section        0  scm4xx_it.o(i.SVC_Handler)
    i.SetSysClock                            0x080005b6   Section        0  system_scm4xx.o(i.SetSysClock)
    SetSysClock                              0x080005b7   Thumb Code     8  system_scm4xx.o(i.SetSysClock)
    i.SetSysClockTo168M                      0x080005c0   Section        0  system_scm4xx.o(i.SetSysClockTo168M)
    SetSysClockTo168M                        0x080005c1   Thumb Code   222  system_scm4xx.o(i.SetSysClockTo168M)
    i.SysTick_CLKSourceConfig                0x080006ac   Section        0  misc.o(i.SysTick_CLKSourceConfig)
    i.SystemInit                             0x080006d4   Section        0  system_scm4xx.o(i.SystemInit)
    i.TestPinInt                             0x0800075c   Section        0  main.o(i.TestPinInt)
    i.USBWakeUp_IRQHandler                   0x08000790   Section        0  scm4xx_it.o(i.USBWakeUp_IRQHandler)
    i.USB_HP_CAN1_TX_IRQHandler              0x0800079c   Section        0  scm4xx_it.o(i.USB_HP_CAN1_TX_IRQHandler)
    i.USB_LP_CAN1_RX0_IRQHandler             0x0800079e   Section        0  scm4xx_it.o(i.USB_LP_CAN1_RX0_IRQHandler)
    i.UsageFault_Handler                     0x080007a0   Section        0  scm4xx_it.o(i.UsageFault_Handler)
    i.main                                   0x080007a4   Section        0  main.o(i.main)
    x$fpl$fpinit                             0x080007b8   Section       10  fpinit.o(x$fpl$fpinit)
    $v0                                      0x080007b8   Number         0  fpinit.o(x$fpl$fpinit)
    .data                                    0x20000000   Section       20  system_scm4xx.o(.data)
    .data                                    0x20000014   Section        8  main.o(.data)
    fac_us                                   0x20000014   Data           4  main.o(.data)
    fac_ms                                   0x20000018   Data           4  main.o(.data)
    .bss                                     0x2000001c   Section       96  libspace.o(.bss)
    HEAP                                     0x20000080   Section      512  startup_scm402fb.o(HEAP)
    Heap_Mem                                 0x20000080   Data         512  startup_scm402fb.o(HEAP)
    STACK                                    0x20000280   Section     1024  startup_scm402fb.o(STACK)
    Stack_Mem                                0x20000280   Data        1024  startup_scm402fb.o(STACK)
    __initial_sp                             0x20000680   Data           0  startup_scm402fb.o(STACK)

    Global Symbols

    Symbol Name                              Value     Ov Type        Size  Object(Section)

    BuildAttributes$$THM_ISAv4$E$P$D$K$B$S$7EM$VFPi3$EXTD16$VFPS$VFMA$PE$A:L22UL41UL21$X:L11$S22US41US21$IEEE1$IW$USESV6$~STKCKD$USESV7$~SHL$OSPACE$ROPI$EBA8$UX$STANDARDLIB$REQ8$PRES8$EABIv2 0x00000000   Number         0  anon$$obj.o ABSOLUTE
    __ARM_use_no_argv                        0x00000000   Number         0  main.o ABSOLUTE
    __ARM_exceptions_init                     - Undefined Weak Reference
    __alloca_initialize                       - Undefined Weak Reference
    __arm_preinit_                            - Undefined Weak Reference
    __cpp_initialize__aeabi_                  - Undefined Weak Reference
    __cxa_finalize                            - Undefined Weak Reference
    __rt_locale                               - Undefined Weak Reference
    __sigvec_lookup                           - Undefined Weak Reference
    _atexit_init                              - Undefined Weak Reference
    _call_atexit_fns                          - Undefined Weak Reference
    _clock_init                               - Undefined Weak Reference
    _fp_trap_init                             - Undefined Weak Reference
    _fp_trap_shutdown                         - Undefined Weak Reference
    _get_lc_collate                           - Undefined Weak Reference
    _get_lc_ctype                             - Undefined Weak Reference
    _get_lc_monetary                          - Undefined Weak Reference
    _get_lc_numeric                           - Undefined Weak Reference
    _get_lc_time                              - Undefined Weak Reference
    _getenv_init                              - Undefined Weak Reference
    _handle_redirection                       - Undefined Weak Reference
    _init_alloc                               - Undefined Weak Reference
    _init_user_alloc                          - Undefined Weak Reference
    _initio                                   - Undefined Weak Reference
    _rand_init                                - Undefined Weak Reference
    _signal_finish                            - Undefined Weak Reference
    _signal_init                              - Undefined Weak Reference
    _terminate_alloc                          - Undefined Weak Reference
    _terminate_user_alloc                     - Undefined Weak Reference
    _terminateio                              - Undefined Weak Reference
    __Vectors_Size                           0x0000017c   Number         0  startup_scm402fb.o ABSOLUTE
    __Vectors                                0x08000000   Data           4  startup_scm402fb.o(RESET)
    __Vectors_End                            0x0800017c   Data           0  startup_scm402fb.o(RESET)
    __main                                   0x0800017d   Thumb Code     8  __main.o(!!!main)
    __scatterload                            0x08000185   Thumb Code     0  __scatter.o(!!!scatter)
    __scatterload_rt2                        0x08000185   Thumb Code    44  __scatter.o(!!!scatter)
    __scatterload_rt2_thumb_only             0x08000185   Thumb Code     0  __scatter.o(!!!scatter)
    __scatterload_null                       0x08000193   Thumb Code     0  __scatter.o(!!!scatter)
    __scatterload_copy                       0x080001b9   Thumb Code    26  __scatter_copy.o(!!handler_copy)
    __scatterload_zeroinit                   0x080001d5   Thumb Code    28  __scatter_zi.o(!!handler_zi)
    __rt_lib_init                            0x080001f1   Thumb Code     0  libinit.o(.ARM.Collect$$libinit$$00000000)
    __rt_lib_init_fp_1                       0x080001f3   Thumb Code     0  libinit2.o(.ARM.Collect$$libinit$$00000001)
    __rt_lib_init_alloca_1                   0x080001f7   Thumb Code     0  libinit2.o(.ARM.Collect$$libinit$$0000002E)
    __rt_lib_init_argv_1                     0x080001f7   Thumb Code     0  libinit2.o(.ARM.Collect$$libinit$$0000002C)
    __rt_lib_init_atexit_1                   0x080001f7   Thumb Code     0  libinit2.o(.ARM.Collect$$libinit$$0000001B)
    __rt_lib_init_clock_1                    0x080001f7   Thumb Code     0  libinit2.o(.ARM.Collect$$libinit$$00000021)
    __rt_lib_init_cpp_1                      0x080001f7   Thumb Code     0  libinit2.o(.ARM.Collect$$libinit$$00000032)
    __rt_lib_init_exceptions_1               0x080001f7   Thumb Code     0  libinit2.o(.ARM.Collect$$libinit$$00000030)
    __rt_lib_init_fp_trap_1                  0x080001f7   Thumb Code     0  libinit2.o(.ARM.Collect$$libinit$$0000001F)
    __rt_lib_init_getenv_1                   0x080001f7   Thumb Code     0  libinit2.o(.ARM.Collect$$libinit$$00000023)
    __rt_lib_init_heap_1                     0x080001f7   Thumb Code     0  libinit2.o(.ARM.Collect$$libinit$$0000000A)
    __rt_lib_init_lc_collate_1               0x080001f7   Thumb Code     0  libinit2.o(.ARM.Collect$$libinit$$00000011)
    __rt_lib_init_lc_ctype_1                 0x080001f7   Thumb Code     0  libinit2.o(.ARM.Collect$$libinit$$00000013)
    __rt_lib_init_lc_monetary_1              0x080001f7   Thumb Code     0  libinit2.o(.ARM.Collect$$libinit$$00000015)
    __rt_lib_init_lc_numeric_1               0x080001f7   Thumb Code     0  libinit2.o(.ARM.Collect$$libinit$$00000017)
    __rt_lib_init_lc_time_1                  0x080001f7   Thumb Code     0  libinit2.o(.ARM.Collect$$libinit$$00000019)
    __rt_lib_init_preinit_1                  0x080001f7   Thumb Code     0  libinit2.o(.ARM.Collect$$libinit$$00000004)
    __rt_lib_init_rand_1                     0x080001f7   Thumb Code     0  libinit2.o(.ARM.Collect$$libinit$$0000000E)
    __rt_lib_init_return                     0x080001f7   Thumb Code     0  libinit2.o(.ARM.Collect$$libinit$$00000033)
    __rt_lib_init_signal_1                   0x080001f7   Thumb Code     0  libinit2.o(.ARM.Collect$$libinit$$0000001D)
    __rt_lib_init_stdio_1                    0x080001f7   Thumb Code     0  libinit2.o(.ARM.Collect$$libinit$$00000025)
    __rt_lib_init_user_alloc_1               0x080001f7   Thumb Code     0  libinit2.o(.ARM.Collect$$libinit$$0000000C)
    __rt_lib_shutdown                        0x080001f9   Thumb Code     0  libshutdown.o(.ARM.Collect$$libshutdown$$00000000)
    __rt_lib_shutdown_cpp_1                  0x080001fb   Thumb Code     0  libshutdown2.o(.ARM.Collect$$libshutdown$$00000002)
    __rt_lib_shutdown_fp_trap_1              0x080001fb   Thumb Code     0  libshutdown2.o(.ARM.Collect$$libshutdown$$00000007)
    __rt_lib_shutdown_heap_1                 0x080001fb   Thumb Code     0  libshutdown2.o(.ARM.Collect$$libshutdown$$0000000F)
    __rt_lib_shutdown_return                 0x080001fb   Thumb Code     0  libshutdown2.o(.ARM.Collect$$libshutdown$$00000010)
    __rt_lib_shutdown_signal_1               0x080001fb   Thumb Code     0  libshutdown2.o(.ARM.Collect$$libshutdown$$0000000A)
    __rt_lib_shutdown_stdio_1                0x080001fb   Thumb Code     0  libshutdown2.o(.ARM.Collect$$libshutdown$$00000004)
    __rt_lib_shutdown_user_alloc_1           0x080001fb   Thumb Code     0  libshutdown2.o(.ARM.Collect$$libshutdown$$0000000C)
    __rt_entry                               0x080001fd   Thumb Code     0  __rtentry.o(.ARM.Collect$$rtentry$$00000000)
    __rt_entry_presh_1                       0x080001fd   Thumb Code     0  __rtentry2.o(.ARM.Collect$$rtentry$$00000002)
    __rt_entry_sh                            0x080001fd   Thumb Code     0  __rtentry4.o(.ARM.Collect$$rtentry$$00000004)
    __rt_entry_li                            0x08000203   Thumb Code     0  __rtentry2.o(.ARM.Collect$$rtentry$$0000000A)
    __rt_entry_postsh_1                      0x08000203   Thumb Code     0  __rtentry2.o(.ARM.Collect$$rtentry$$00000009)
    __rt_entry_main                          0x08000207   Thumb Code     0  __rtentry2.o(.ARM.Collect$$rtentry$$0000000D)
    __rt_entry_postli_1                      0x08000207   Thumb Code     0  __rtentry2.o(.ARM.Collect$$rtentry$$0000000C)
    __rt_exit                                0x0800020f   Thumb Code     0  rtexit.o(.ARM.Collect$$rtexit$$00000000)
    __rt_exit_ls                             0x08000211   Thumb Code     0  rtexit2.o(.ARM.Collect$$rtexit$$00000003)
    __rt_exit_prels_1                        0x08000211   Thumb Code     0  rtexit2.o(.ARM.Collect$$rtexit$$00000002)
    __rt_exit_exit                           0x08000215   Thumb Code     0  rtexit2.o(.ARM.Collect$$rtexit$$00000004)
    Reset_Handler                            0x0800021d   Thumb Code     8  startup_scm402fb.o(.text)
    HardFault_Handler                        0x08000227   Thumb Code     2  startup_scm402fb.o(.text)
    PendSV_Handler                           0x08000233   Thumb Code     2  startup_scm402fb.o(.text)
    SysTick_Handler                          0x08000235   Thumb Code     2  startup_scm402fb.o(.text)
    ACC_IRQHandler                           0x08000237   Thumb Code     0  startup_scm402fb.o(.text)
    ADC1_IRQHandler                          0x08000237   Thumb Code     0  startup_scm402fb.o(.text)
    CAN1_RX1_IRQHandler                      0x08000237   Thumb Code     0  startup_scm402fb.o(.text)
    CAN1_SCE_IRQHandler                      0x08000237   Thumb Code     0  startup_scm402fb.o(.text)
    DMA1_Channel1_IRQHandler                 0x08000237   Thumb Code     0  startup_scm402fb.o(.text)
    DMA1_Channel2_IRQHandler                 0x08000237   Thumb Code     0  startup_scm402fb.o(.text)
    DMA1_Channel3_IRQHandler                 0x08000237   Thumb Code     0  startup_scm402fb.o(.text)
    DMA1_Channel4_IRQHandler                 0x08000237   Thumb Code     0  startup_scm402fb.o(.text)
    DMA1_Channel5_IRQHandler                 0x08000237   Thumb Code     0  startup_scm402fb.o(.text)
    DMA1_Channel6_IRQHandler                 0x08000237   Thumb Code     0  startup_scm402fb.o(.text)
    DMA1_Channel7_IRQHandler                 0x08000237   Thumb Code     0  startup_scm402fb.o(.text)
    DMA2_Channel1_IRQHandler                 0x08000237   Thumb Code     0  startup_scm402fb.o(.text)
    DMA2_Channel2_IRQHandler                 0x08000237   Thumb Code     0  startup_scm402fb.o(.text)
    DMA2_Channel3_IRQHandler                 0x08000237   Thumb Code     0  startup_scm402fb.o(.text)
    DMA2_Channel4_5_IRQHandler               0x08000237   Thumb Code     0  startup_scm402fb.o(.text)
    DMA2_Channel6_7_IRQHandler               0x08000237   Thumb Code     0  startup_scm402fb.o(.text)
    EXTI0_IRQHandler                         0x08000237   Thumb Code     0  startup_scm402fb.o(.text)
    EXTI15_10_IRQHandler                     0x08000237   Thumb Code     0  startup_scm402fb.o(.text)
    EXTI1_IRQHandler                         0x08000237   Thumb Code     0  startup_scm402fb.o(.text)
    EXTI2_IRQHandler                         0x08000237   Thumb Code     0  startup_scm402fb.o(.text)
    EXTI3_IRQHandler                         0x08000237   Thumb Code     0  startup_scm402fb.o(.text)
    EXTI4_IRQHandler                         0x08000237   Thumb Code     0  startup_scm402fb.o(.text)
    EXTI9_5_IRQHandler                       0x08000237   Thumb Code     0  startup_scm402fb.o(.text)
    FLASH_IRQHandler                         0x08000237   Thumb Code     0  startup_scm402fb.o(.text)
    I2C1_ER_IRQHandler                       0x08000237   Thumb Code     0  startup_scm402fb.o(.text)
    I2C1_EV_IRQHandler                       0x08000237   Thumb Code     0  startup_scm402fb.o(.text)
    I2C2_ER_IRQHandler                       0x08000237   Thumb Code     0  startup_scm402fb.o(.text)
    I2C2_EV_IRQHandler                       0x08000237   Thumb Code     0  startup_scm402fb.o(.text)
    I2C3_ER_IRQHandler                       0x08000237   Thumb Code     0  startup_scm402fb.o(.text)
    I2C3_EV_IRQHandler                       0x08000237   Thumb Code     0  startup_scm402fb.o(.text)
    PVD_IRQHandler                           0x08000237   Thumb Code     0  startup_scm402fb.o(.text)
    RCC_IRQHandler                           0x08000237   Thumb Code     0  startup_scm402fb.o(.text)
    RTCAlarm_IRQHandler                      0x08000237   Thumb Code     0  startup_scm402fb.o(.text)
    RTC_IRQHandler                           0x08000237   Thumb Code     0  startup_scm402fb.o(.text)
    SPI1_IRQHandler                          0x08000237   Thumb Code     0  startup_scm402fb.o(.text)
    SPI2_IRQHandler                          0x08000237   Thumb Code     0  startup_scm402fb.o(.text)
    SPI3_IRQHandler                          0x08000237   Thumb Code     0  startup_scm402fb.o(.text)
    SPI4_IRQHandler                          0x08000237   Thumb Code     0  startup_scm402fb.o(.text)
    TAMPER_IRQHandler                        0x08000237   Thumb Code     0  startup_scm402fb.o(.text)
    TMR1_BRK_TMR9_IRQHandler                 0x08000237   Thumb Code     0  startup_scm402fb.o(.text)
    TMR1_CC_IRQHandler                       0x08000237   Thumb Code     0  startup_scm402fb.o(.text)
    TMR1_OV_TMR10_IRQHandler                 0x08000237   Thumb Code     0  startup_scm402fb.o(.text)
    TMR1_TRG_HALL_TMR11_IRQHandler           0x08000237   Thumb Code     0  startup_scm402fb.o(.text)
    TMR2_GLOBAL_IRQHandler                   0x08000237   Thumb Code     0  startup_scm402fb.o(.text)
    TMR3_GLOBAL_IRQHandler                   0x08000237   Thumb Code     0  startup_scm402fb.o(.text)
    TMR4_GLOBAL_IRQHandler                   0x08000237   Thumb Code     0  startup_scm402fb.o(.text)
    TMR5_GLOBAL_IRQHandler                   0x08000237   Thumb Code     0  startup_scm402fb.o(.text)
    TMR6_GLOBAL_IRQHandler                   0x08000237   Thumb Code     0  startup_scm402fb.o(.text)
    TMR7_GLOBAL_IRQHandler                   0x08000237   Thumb Code     0  startup_scm402fb.o(.text)
    TMR8_BRK_TMR12_IRQHandler                0x08000237   Thumb Code     0  startup_scm402fb.o(.text)
    TMR8_CC_IRQHandler                       0x08000237   Thumb Code     0  startup_scm402fb.o(.text)
    TMR8_OV_TMR13_IRQHandler                 0x08000237   Thumb Code     0  startup_scm402fb.o(.text)
    TMR8_TRG_HALL_TMR14_IRQHandler           0x08000237   Thumb Code     0  startup_scm402fb.o(.text)
    UART4_IRQHandler                         0x08000237   Thumb Code     0  startup_scm402fb.o(.text)
    UART5_IRQHandler                         0x08000237   Thumb Code     0  startup_scm402fb.o(.text)
    UART7_IRQHandler                         0x08000237   Thumb Code     0  startup_scm402fb.o(.text)
    UART8_IRQHandler                         0x08000237   Thumb Code     0  startup_scm402fb.o(.text)
    USART1_IRQHandler                        0x08000237   Thumb Code     0  startup_scm402fb.o(.text)
    USART2_IRQHandler                        0x08000237   Thumb Code     0  startup_scm402fb.o(.text)
    USART3_IRQHandler                        0x08000237   Thumb Code     0  startup_scm402fb.o(.text)
    USART6_IRQHandler                        0x08000237   Thumb Code     0  startup_scm402fb.o(.text)
    USB_HP_IRQHandler                        0x08000237   Thumb Code     0  startup_scm402fb.o(.text)
    USB_LP_IRQHandler                        0x08000237   Thumb Code     0  startup_scm402fb.o(.text)
    WWDG_IRQHandler                          0x08000237   Thumb Code     0  startup_scm402fb.o(.text)
    XMC_IRQHandler                           0x08000237   Thumb Code     0  startup_scm402fb.o(.text)
    __user_initial_stackheap                 0x08000239   Thumb Code     0  startup_scm402fb.o(.text)
    __use_two_region_memory                  0x0800025d   Thumb Code     2  heapauxi.o(.text)
    __rt_heap_escrow$2region                 0x0800025f   Thumb Code     2  heapauxi.o(.text)
    __rt_heap_expand$2region                 0x08000261   Thumb Code     2  heapauxi.o(.text)
    __user_setup_stackheap                   0x08000263   Thumb Code    74  sys_stackheap_outer.o(.text)
    exit                                     0x080002ad   Thumb Code    18  exit.o(.text)
    __user_libspace                          0x080002c1   Thumb Code     8  libspace.o(.text)
    __user_perproc_libspace                  0x080002c1   Thumb Code     0  libspace.o(.text)
    __user_perthread_libspace                0x080002c1   Thumb Code     0  libspace.o(.text)
    _sys_exit                                0x080002c9   Thumb Code     8  sys_exit.o(.text)
    __I$use$semihosting                      0x080002d5   Thumb Code     0  use_no_semi.o(.text)
    __use_no_semihosting_swi                 0x080002d5   Thumb Code     2  use_no_semi.o(.text)
    BusFault_Handler                         0x080002d7   Thumb Code     4  scm4xx_it.o(i.BusFault_Handler)
    __semihosting_library_function           0x080002d7   Thumb Code     0  indicate_semi.o(.text)
    DebugMon_Handler                         0x080002db   Thumb Code     2  scm4xx_it.o(i.DebugMon_Handler)
    Delay_init                               0x080002dd   Thumb Code    54  main.o(i.Delay_init)
    Delay_ms                                 0x08000329   Thumb Code   144  main.o(i.Delay_ms)
    EXTI_ClearIntPendingBit                  0x080003c1   Thumb Code     6  scm4xx_exti.o(i.EXTI_ClearIntPendingBit)
    FLASH_InitBank3                          0x080003cd   Thumb Code    98  system_scm4xx.o(i.FLASH_InitBank3)
    GPIO_Init                                0x08000445   Thumb Code   278  scm4xx_gpio.o(i.GPIO_Init)
    GPIO_StructInit                          0x0800055b   Thumb Code    16  scm4xx_gpio.o(i.GPIO_StructInit)
    MemManage_Handler                        0x0800056b   Thumb Code     4  scm4xx_it.o(i.MemManage_Handler)
    NMI_Handler                              0x0800056f   Thumb Code     2  scm4xx_it.o(i.NMI_Handler)
    RCC_APB2PeriphClockCmd                   0x08000571   Thumb Code    26  scm4xx_rcc.o(i.RCC_APB2PeriphClockCmd)
    RCC_StepModeCmd                          0x08000591   Thumb Code    32  scm4xx_rcc.o(i.RCC_StepModeCmd)
    SVC_Handler                              0x080005b5   Thumb Code     2  scm4xx_it.o(i.SVC_Handler)
    SysTick_CLKSourceConfig                  0x080006ad   Thumb Code    40  misc.o(i.SysTick_CLKSourceConfig)
    SystemInit                               0x080006d5   Thumb Code   110  system_scm4xx.o(i.SystemInit)
    TestPinInt                               0x0800075d   Thumb Code    46  main.o(i.TestPinInt)
    USBWakeUp_IRQHandler                     0x08000791   Thumb Code    12  scm4xx_it.o(i.USBWakeUp_IRQHandler)
    USB_HP_CAN1_TX_IRQHandler                0x0800079d   Thumb Code     2  scm4xx_it.o(i.USB_HP_CAN1_TX_IRQHandler)
    USB_LP_CAN1_RX0_IRQHandler               0x0800079f   Thumb Code     2  scm4xx_it.o(i.USB_LP_CAN1_RX0_IRQHandler)
    UsageFault_Handler                       0x080007a1   Thumb Code     4  scm4xx_it.o(i.UsageFault_Handler)
    main                                     0x080007a5   Thumb Code    20  main.o(i.main)
    _fp_init                                 0x080007b9   Thumb Code    10  fpinit.o(x$fpl$fpinit)
    __fplib_config_fpu_vfp                   0x080007c1   Thumb Code     0  fpinit.o(x$fpl$fpinit)
    __fplib_config_pureend_doubles           0x080007c1   Thumb Code     0  fpinit.o(x$fpl$fpinit)
    Region$$Table$$Base                      0x080007c4   Number         0  anon$$obj.o(Region$$Table)
    Region$$Table$$Limit                     0x080007e4   Number         0  anon$$obj.o(Region$$Table)
    SystemCoreClock                          0x20000000   Data           4  system_scm4xx.o(.data)
    AHBPscTable                              0x20000004   Data          16  system_scm4xx.o(.data)
    __libspace_start                         0x2000001c   Data          96  libspace.o(.bss)
    __temporary_stack_top$libspace           0x2000007c   Data           0  libspace.o(.bss)



==============================================================================

Memory Map of the image

  Image Entry point : 0x0800017d

  Load Region LR_IROM1 (Base: 0x08000000, Size: 0x00000800, Max: 0x00100000, ABSOLUTE)

    Execution Region ER_IROM1 (Exec base: 0x08000000, Load base: 0x08000000, Size: 0x000007e4, Max: 0x00100000, ABSOLUTE)

    Exec Addr    Load Addr    Size         Type   Attr      Idx    E Section Name        Object

    0x08000000   0x08000000   0x0000017c   Data   RO            3    RESET               startup_scm402fb.o
    0x0800017c   0x0800017c   0x00000008   Code   RO         3505  * !!!main             c_w.l(__main.o)
    0x08000184   0x08000184   0x00000034   Code   RO         3672    !!!scatter          c_w.l(__scatter.o)
    0x080001b8   0x080001b8   0x0000001a   Code   RO         3674    !!handler_copy      c_w.l(__scatter_copy.o)
    0x080001d2   0x080001d2   0x00000002   PAD
    0x080001d4   0x080001d4   0x0000001c   Code   RO         3676    !!handler_zi        c_w.l(__scatter_zi.o)
    0x080001f0   0x080001f0   0x00000002   Code   RO         3542    .ARM.Collect$$libinit$$00000000  c_w.l(libinit.o)
    0x080001f2   0x080001f2   0x00000004   Code   RO         3554    .ARM.Collect$$libinit$$00000001  c_w.l(libinit2.o)
    0x080001f6   0x080001f6   0x00000000   Code   RO         3557    .ARM.Collect$$libinit$$00000004  c_w.l(libinit2.o)
    0x080001f6   0x080001f6   0x00000000   Code   RO         3560    .ARM.Collect$$libinit$$0000000A  c_w.l(libinit2.o)
    0x080001f6   0x080001f6   0x00000000   Code   RO         3562    .ARM.Collect$$libinit$$0000000C  c_w.l(libinit2.o)
    0x080001f6   0x080001f6   0x00000000   Code   RO         3564    .ARM.Collect$$libinit$$0000000E  c_w.l(libinit2.o)
    0x080001f6   0x080001f6   0x00000000   Code   RO         3567    .ARM.Collect$$libinit$$00000011  c_w.l(libinit2.o)
    0x080001f6   0x080001f6   0x00000000   Code   RO         3569    .ARM.Collect$$libinit$$00000013  c_w.l(libinit2.o)
    0x080001f6   0x080001f6   0x00000000   Code   RO         3571    .ARM.Collect$$libinit$$00000015  c_w.l(libinit2.o)
    0x080001f6   0x080001f6   0x00000000   Code   RO         3573    .ARM.Collect$$libinit$$00000017  c_w.l(libinit2.o)
    0x080001f6   0x080001f6   0x00000000   Code   RO         3575    .ARM.Collect$$libinit$$00000019  c_w.l(libinit2.o)
    0x080001f6   0x080001f6   0x00000000   Code   RO         3577    .ARM.Collect$$libinit$$0000001B  c_w.l(libinit2.o)
    0x080001f6   0x080001f6   0x00000000   Code   RO         3579    .ARM.Collect$$libinit$$0000001D  c_w.l(libinit2.o)
    0x080001f6   0x080001f6   0x00000000   Code   RO         3581    .ARM.Collect$$libinit$$0000001F  c_w.l(libinit2.o)
    0x080001f6   0x080001f6   0x00000000   Code   RO         3583    .ARM.Collect$$libinit$$00000021  c_w.l(libinit2.o)
    0x080001f6   0x080001f6   0x00000000   Code   RO         3585    .ARM.Collect$$libinit$$00000023  c_w.l(libinit2.o)
    0x080001f6   0x080001f6   0x00000000   Code   RO         3587    .ARM.Collect$$libinit$$00000025  c_w.l(libinit2.o)
    0x080001f6   0x080001f6   0x00000000   Code   RO         3591    .ARM.Collect$$libinit$$0000002C  c_w.l(libinit2.o)
    0x080001f6   0x080001f6   0x00000000   Code   RO         3593    .ARM.Collect$$libinit$$0000002E  c_w.l(libinit2.o)
    0x080001f6   0x080001f6   0x00000000   Code   RO         3595    .ARM.Collect$$libinit$$00000030  c_w.l(libinit2.o)
    0x080001f6   0x080001f6   0x00000000   Code   RO         3597    .ARM.Collect$$libinit$$00000032  c_w.l(libinit2.o)
    0x080001f6   0x080001f6   0x00000002   Code   RO         3598    .ARM.Collect$$libinit$$00000033  c_w.l(libinit2.o)
    0x080001f8   0x080001f8   0x00000002   Code   RO         3629    .ARM.Collect$$libshutdown$$00000000  c_w.l(libshutdown.o)
    0x080001fa   0x080001fa   0x00000000   Code   RO         3655    .ARM.Collect$$libshutdown$$00000002  c_w.l(libshutdown2.o)
    0x080001fa   0x080001fa   0x00000000   Code   RO         3657    .ARM.Collect$$libshutdown$$00000004  c_w.l(libshutdown2.o)
    0x080001fa   0x080001fa   0x00000000   Code   RO         3660    .ARM.Collect$$libshutdown$$00000007  c_w.l(libshutdown2.o)
    0x080001fa   0x080001fa   0x00000000   Code   RO         3663    .ARM.Collect$$libshutdown$$0000000A  c_w.l(libshutdown2.o)
    0x080001fa   0x080001fa   0x00000000   Code   RO         3665    .ARM.Collect$$libshutdown$$0000000C  c_w.l(libshutdown2.o)
    0x080001fa   0x080001fa   0x00000000   Code   RO         3668    .ARM.Collect$$libshutdown$$0000000F  c_w.l(libshutdown2.o)
    0x080001fa   0x080001fa   0x00000002   Code   RO         3669    .ARM.Collect$$libshutdown$$00000010  c_w.l(libshutdown2.o)
    0x080001fc   0x080001fc   0x00000000   Code   RO         3507    .ARM.Collect$$rtentry$$00000000  c_w.l(__rtentry.o)
    0x080001fc   0x080001fc   0x00000000   Code   RO         3513    .ARM.Collect$$rtentry$$00000002  c_w.l(__rtentry2.o)
    0x080001fc   0x080001fc   0x00000006   Code   RO         3525    .ARM.Collect$$rtentry$$00000004  c_w.l(__rtentry4.o)
    0x08000202   0x08000202   0x00000000   Code   RO         3515    .ARM.Collect$$rtentry$$00000009  c_w.l(__rtentry2.o)
    0x08000202   0x08000202   0x00000004   Code   RO         3516    .ARM.Collect$$rtentry$$0000000A  c_w.l(__rtentry2.o)
    0x08000206   0x08000206   0x00000000   Code   RO         3518    .ARM.Collect$$rtentry$$0000000C  c_w.l(__rtentry2.o)
    0x08000206   0x08000206   0x00000008   Code   RO         3519    .ARM.Collect$$rtentry$$0000000D  c_w.l(__rtentry2.o)
    0x0800020e   0x0800020e   0x00000002   Code   RO         3546    .ARM.Collect$$rtexit$$00000000  c_w.l(rtexit.o)
    0x08000210   0x08000210   0x00000000   Code   RO         3602    .ARM.Collect$$rtexit$$00000002  c_w.l(rtexit2.o)
    0x08000210   0x08000210   0x00000004   Code   RO         3603    .ARM.Collect$$rtexit$$00000003  c_w.l(rtexit2.o)
    0x08000214   0x08000214   0x00000006   Code   RO         3604    .ARM.Collect$$rtexit$$00000004  c_w.l(rtexit2.o)
    0x0800021a   0x0800021a   0x00000002   PAD
    0x0800021c   0x0800021c   0x00000040   Code   RO            4    .text               startup_scm402fb.o
    0x0800025c   0x0800025c   0x00000006   Code   RO         3503    .text               c_w.l(heapauxi.o)
    0x08000262   0x08000262   0x0000004a   Code   RO         3529    .text               c_w.l(sys_stackheap_outer.o)
    0x080002ac   0x080002ac   0x00000012   Code   RO         3531    .text               c_w.l(exit.o)
    0x080002be   0x080002be   0x00000002   PAD
    0x080002c0   0x080002c0   0x00000008   Code   RO         3543    .text               c_w.l(libspace.o)
    0x080002c8   0x080002c8   0x0000000c   Code   RO         3599    .text               c_w.l(sys_exit.o)
    0x080002d4   0x080002d4   0x00000002   Code   RO         3618    .text               c_w.l(use_no_semi.o)
    0x080002d6   0x080002d6   0x00000000   Code   RO         3620    .text               c_w.l(indicate_semi.o)
    0x080002d6   0x080002d6   0x00000004   Code   RO         3427    i.BusFault_Handler  scm4xx_it.o
    0x080002da   0x080002da   0x00000002   Code   RO         3428    i.DebugMon_Handler  scm4xx_it.o
    0x080002dc   0x080002dc   0x0000004c   Code   RO         3368    i.Delay_init        main.o
    0x08000328   0x08000328   0x00000098   Code   RO         3369    i.Delay_ms          main.o
    0x080003c0   0x080003c0   0x0000000c   Code   RO          776    i.EXTI_ClearIntPendingBit  scm4xx_exti.o
    0x080003cc   0x080003cc   0x00000078   Code   RO           13    i.FLASH_InitBank3   system_scm4xx.o
    0x08000444   0x08000444   0x00000116   Code   RO          222    i.GPIO_Init         scm4xx_gpio.o
    0x0800055a   0x0800055a   0x00000010   Code   RO          232    i.GPIO_StructInit   scm4xx_gpio.o
    0x0800056a   0x0800056a   0x00000004   Code   RO         3429    i.MemManage_Handler  scm4xx_it.o
    0x0800056e   0x0800056e   0x00000002   Code   RO         3430    i.NMI_Handler       scm4xx_it.o
    0x08000570   0x08000570   0x00000020   Code   RO          349    i.RCC_APB2PeriphClockCmd  scm4xx_rcc.o
    0x08000590   0x08000590   0x00000024   Code   RO          377    i.RCC_StepModeCmd   scm4xx_rcc.o
    0x080005b4   0x080005b4   0x00000002   Code   RO         3431    i.SVC_Handler       scm4xx_it.o
    0x080005b6   0x080005b6   0x00000008   Code   RO           14    i.SetSysClock       system_scm4xx.o
    0x080005be   0x080005be   0x00000002   PAD
    0x080005c0   0x080005c0   0x000000ec   Code   RO           15    i.SetSysClockTo168M  system_scm4xx.o
    0x080006ac   0x080006ac   0x00000028   Code   RO          170    i.SysTick_CLKSourceConfig  misc.o
    0x080006d4   0x080006d4   0x00000088   Code   RO           17    i.SystemInit        system_scm4xx.o
    0x0800075c   0x0800075c   0x00000034   Code   RO         3371    i.TestPinInt        main.o
    0x08000790   0x08000790   0x0000000c   Code   RO         3432    i.USBWakeUp_IRQHandler  scm4xx_it.o
    0x0800079c   0x0800079c   0x00000002   Code   RO         3433    i.USB_HP_CAN1_TX_IRQHandler  scm4xx_it.o
    0x0800079e   0x0800079e   0x00000002   Code   RO         3434    i.USB_LP_CAN1_RX0_IRQHandler  scm4xx_it.o
    0x080007a0   0x080007a0   0x00000004   Code   RO         3435    i.UsageFault_Handler  scm4xx_it.o
    0x080007a4   0x080007a4   0x00000014   Code   RO         3373    i.main              main.o
    0x080007b8   0x080007b8   0x0000000a   Code   RO         3614    x$fpl$fpinit        fz_wm.l(fpinit.o)
    0x080007c2   0x080007c2   0x00000002   PAD
    0x080007c4   0x080007c4   0x00000020   Data   RO         3670    Region$$Table       anon$$obj.o


    Execution Region RW_IRAM1 (Exec base: 0x20000000, Load base: 0x080007e4, Size: 0x00000680, Max: 0x00100000, ABSOLUTE)

    Exec Addr    Load Addr    Size         Type   Attr      Idx    E Section Name        Object

    0x20000000   0x080007e4   0x00000014   Data   RW           18    .data               system_scm4xx.o
    0x20000014   0x080007f8   0x00000008   Data   RW         3374    .data               main.o
    0x2000001c        -       0x00000060   Zero   RW         3544    .bss                c_w.l(libspace.o)
    0x2000007c   0x08000800   0x00000004   PAD
    0x20000080        -       0x00000200   Zero   RW            2    HEAP                startup_scm402fb.o
    0x20000280        -       0x00000400   Zero   RW            1    STACK               startup_scm402fb.o


==============================================================================

Image component sizes


      Code (inc. data)   RO Data    RW Data    ZI Data      Debug   Object Name

       300         36          0          8          0       2304   main.o
        40          0          0          0          0        594   misc.o
        12          6          0          0          0        590   scm4xx_exti.o
       294          0          0          0          0       2706   scm4xx_gpio.o
        34          0          0          0          0       4319   scm4xx_it.o
        68         10          0          0          0       1227   scm4xx_rcc.o
        64         26        380          0       1536        940   startup_scm402fb.o
       500         62          0         20          0     235633   system_scm4xx.o

    ----------------------------------------------------------------------
      1314        140        412         28       1536     248313   Object Totals
         0          0         32          0          0          0   (incl. Generated)
         2          0          0          0          0          0   (incl. Padding)

    ----------------------------------------------------------------------

      Code (inc. data)   RO Data    RW Data    ZI Data      Debug   Library Member Name

         8          0          0          0          0         68   __main.o
         0          0          0          0          0          0   __rtentry.o
        12          0          0          0          0          0   __rtentry2.o
         6          0          0          0          0          0   __rtentry4.o
        52          8          0          0          0          0   __scatter.o
        26          0          0          0          0          0   __scatter_copy.o
        28          0          0          0          0          0   __scatter_zi.o
        18          0          0          0          0         80   exit.o
         6          0          0          0          0        152   heapauxi.o
         0          0          0          0          0          0   indicate_semi.o
         2          0          0          0          0          0   libinit.o
         6          0          0          0          0          0   libinit2.o
         2          0          0          0          0          0   libshutdown.o
         2          0          0          0          0          0   libshutdown2.o
         8          4          0          0         96         68   libspace.o
         2          0          0          0          0          0   rtexit.o
        10          0          0          0          0          0   rtexit2.o
        12          4          0          0          0         68   sys_exit.o
        74          0          0          0          0         80   sys_stackheap_outer.o
         2          0          0          0          0         68   use_no_semi.o
        10          0          0          0          0        116   fpinit.o

    ----------------------------------------------------------------------
       294         16          0          0        100        700   Library Totals
         8          0          0          0          4          0   (incl. Padding)

    ----------------------------------------------------------------------

      Code (inc. data)   RO Data    RW Data    ZI Data      Debug   Library Name

       276         16          0          0         96        584   c_w.l
        10          0          0          0          0        116   fz_wm.l

    ----------------------------------------------------------------------
       294         16          0          0        100        700   Library Totals

    ----------------------------------------------------------------------

==============================================================================


      Code (inc. data)   RO Data    RW Data    ZI Data      Debug   

      1608        156        412         28       1636     247157   Grand Totals
      1608        156        412         28       1636     247157   ELF Image Totals
      1608        156        412         28          0          0   ROM Totals

==============================================================================

    Total RO  Size (Code + RO Data)                 2020 (   1.97kB)
    Total RW  Size (RW Data + ZI Data)              1664 (   1.63kB)
    Total ROM Size (Code + RO Data + RW Data)       2048 (   2.00kB)

==============================================================================

